 LetaMicro

 Timestamp is 56550ba5 (Wed Nov 25 02:15:17 2015)

 Preferred load address is 10000000

 Start         Length     Name                   Class
 0001:00000000 0002bd25H .text                   CODE
 0001:0002bd30 0000107cH .text$x                 CODE
 0001:0002cdb0 0000ac6dH .text$yc                CODE
 0001:00037a20 000003aaH .text$yd                CODE
 0002:00000000 000001e0H .idata$5                DATA
 0002:000001e0 00000004H .CRT$XCA                DATA
 0002:000001e4 00000c7cH .CRT$XCU                DATA
 0002:00000e60 00000004H .CRT$XCZ                DATA
 0002:00000e64 00000004H .CRT$XIA                DATA
 0002:00000e68 00000004H .CRT$XIAA               DATA
 0002:00000e6c 00000004H .CRT$XIU                DATA
 0002:00000e70 00000004H .CRT$XIZ                DATA
 0002:00000e74 00000004H .CRT$XLA                DATA
 0002:00000e78 00000004H .CRT$XLC                DATA
 0002:00000e7c 00000004H .CRT$XLZ                DATA
 0002:00000e80 00000004H .CRT$XTU                DATA
 0002:00000e90 00003e28H .rdata                  DATA
 0002:00004cb8 00000018H .rdata$T                DATA
 0002:00004cd0 0000006dH .rdata$debug            DATA
 0002:00004d40 00000478H .rdata$r                DATA
 0002:000051c0 000000f8H .rdata$sxdata           DATA
 0002:000052b8 00000004H .rtc$IAA                DATA
 0002:000052bc 00000004H .rtc$IZZ                DATA
 0002:000052c0 00000004H .rtc$TAA                DATA
 0002:000052c4 00000004H .rtc$TZZ                DATA
 0002:000052c8 000015b0H .xdata$x                DATA
 0002:00006878 0000003cH .idata$2                DATA
 0002:000068b4 00000014H .idata$3                DATA
 0002:000068c8 000001e0H .idata$4                DATA
 0002:00006aa8 00001580H .idata$6                DATA
 0002:00008030 0000004cH .edata                  DATA
 0003:00000000 000007cfH .data                   DATA
 0003:000007d0 0005d488H .bss                    DATA
 0004:00000000 00000001H .tls                    DATA
 0004:00000001 00000001H .tls$ZZZ                DATA

  Address         Publics by Value              Rva+Base       Lib:Object

 0000:00000000       __except_list              00000000     <absolute>
 0000:0000003e       ___safe_se_handler_count   0000003e     <absolute>
 0000:00009876       __ldused                   00009876     <absolute>
 0000:00009876       __fltused                  00009876     <absolute>
 0000:00000000       ___ImageBase               10000000     <linker-defined>
 0001:00000000       _DllMain@12                10001000 f   Dll.obj
 0001:00000020       _newAIModule               10001020 f   Dll.obj
 0001:00000060       ??_ELetaBotModule@@UAEPAXI@Z 10001060 f i  CIL library: CIL module
 0001:00000060       ??_GLetaBotModule@@UAEPAXI@Z 10001060 f i LetaBotModule.obj
 0001:00000090       ?onStart@LetaBotModule@@UAEXXZ 10001090 f   LetaBotModule.obj
 0001:00000190       ?onUnitRenegade@LetaBotModule@@UAEXPAVUnit@BWAPI@@@Z 10001190 f   LetaBotModule.obj
 0001:00000190       ?onUnitCreate@LetaBotModule@@UAEXPAVUnit@BWAPI@@@Z 10001190 f   LetaBotModule.obj
 0001:00000190       ?onUnitMorph@LetaBotModule@@UAEXPAVUnit@BWAPI@@@Z 10001190 f   LetaBotModule.obj
 0001:00000190       ?onUnitHide@LetaBotModule@@UAEXPAVUnit@BWAPI@@@Z 10001190 f   LetaBotModule.obj
 0001:00000190       ?onUnitComplete@LetaBotModule@@UAEXPAVUnit@BWAPI@@@Z 10001190 f   LetaBotModule.obj
 0001:00000190       ?onUnitDestroy@LetaBotModule@@UAEXPAVUnit@BWAPI@@@Z 10001190 f   LetaBotModule.obj
 0001:00000190       ?onEnd@LetaBotModule@@UAEX_N@Z 10001190 f   LetaBotModule.obj
 0001:00000190       ?onUnitDiscover@LetaBotModule@@UAEXPAVUnit@BWAPI@@@Z 10001190 f   LetaBotModule.obj
 0001:000001a0       ?onFrame@LetaBotModule@@UAEXXZ 100011a0 f   LetaBotModule.obj
 0001:000001c0       ?onUnitShow@LetaBotModule@@UAEXPAVUnit@BWAPI@@@Z 100011c0 f   LetaBotModule.obj
 0001:000001e0       ?onNukeDetect@LetaBotModule@@UAEXVPosition@BWAPI@@@Z 100011e0 f   LetaBotModule.obj
 0001:000001f0       ?onSendText@LetaBotModule@@UAEXV?$basic_string@DU?$char_traits@D@std@@V?$allocator@D@2@@std@@@Z 100011f0 f   LetaBotModule.obj
 0001:000002d0       ?onReceiveText@LetaBotModule@@UAEXPAVPlayer@BWAPI@@V?$basic_string@DU?$char_traits@D@std@@V?$allocator@D@2@@std@@@Z 100012d0 f   LetaBotModule.obj
 0001:00000340       ??0LevelSelector@@QAE@XZ   10001340 f   LevelSelector.obj
 0001:00000470       ?onReceiveText@LevelSelector@@QAEXPAVPlayer@BWAPI@@V?$basic_string@DU?$char_traits@D@std@@V?$allocator@D@2@@std@@@Z 10001470 f   LevelSelector.obj
 0001:000005c0       ?OnFrame@LevelSelector@@QAEXXZ 100015c0 f   LevelSelector.obj
 0001:00000840       ?AddCivilian@LevelSelector@@QAEXPAVUnit@BWAPI@@@Z 10001840 f   LevelSelector.obj
 0001:000009f0       ??1bad_alloc@std@@UAE@XZ   100019f0 f i MicroModule.obj
 0001:00000a00       ??_Gbad_alloc@std@@UAEPAXI@Z 10001a00 f i MicroModule.obj
 0001:00000a00       ??_Ebad_alloc@std@@UAEPAXI@Z 10001a00 f i  CIL library: CIL module
 0001:00000a30       ??3@YAXPAX0@Z              10001a30 f i MicroModule.obj
 0001:00000a40       ?what@logic_error@std@@UBEPBDXZ 10001a40 f i MicroModule.obj
 0001:00000a50       ??1out_of_range@std@@UAE@XZ 10001a50 f i WraithMicro.obj
 0001:00000a50       ??1length_error@std@@UAE@XZ 10001a50 f i MicroModule.obj
 0001:00000a70       ??_Glength_error@std@@UAEPAXI@Z 10001a70 f i MicroModule.obj
 0001:00000a70       ??_Elength_error@std@@UAEPAXI@Z 10001a70 f i  CIL library: CIL module
 0001:00000a70       ??_Glogic_error@std@@UAEPAXI@Z 10001a70 f i MicroModule.obj
 0001:00000a70       ??_Elogic_error@std@@UAEPAXI@Z 10001a70 f i  CIL library: CIL module
 0001:00000a70       ??_Eout_of_range@std@@UAEPAXI@Z 10001a70 f i  CIL library: CIL module
 0001:00000a70       ??_Gout_of_range@std@@UAEPAXI@Z 10001a70 f i WraithMicro.obj
 0001:00000ab0       ??0logic_error@std@@QAE@ABV01@@Z 10001ab0 f i MicroModule.obj
 0001:00000b20       ??1clone_base@exception_detail@boost@@UAE@XZ 10001b20 f i MicroModule.obj
 0001:00000b30       ??_Eclone_base@exception_detail@boost@@UAEPAXI@Z 10001b30 f i  CIL library: CIL module
 0001:00000b30       ??_Gclone_base@exception_detail@boost@@UAEPAXI@Z 10001b30 f i MicroModule.obj
 0001:00000b60       ?copy_boost_exception@exception_detail@boost@@YAXPAVexception@2@PBV32@@Z 10001b60 f i MicroModule.obj
 0001:00000c40       ?what@bad_lexical_cast@boost@@UBEPBDXZ 10001c40 f i MicroModule.obj
 0001:00000c50       ??1bad_lexical_cast@boost@@UAE@XZ 10001c50 f i MicroModule.obj
 0001:00000c60       ??_Ebad_lexical_cast@boost@@UAEPAXI@Z 10001c60 f i  CIL library: CIL module
 0001:00000c60       ??_Gbad_lexical_cast@boost@@UAEPAXI@Z 10001c60 f i MicroModule.obj
 0001:00000c90       ??0MicroModule@@QAE@XZ     10001c90 f   MicroModule.obj
 0001:00001370       ?UnitTypetoInt@MicroModule@@QAEHVUnitType@BWAPI@@@Z 10002370 f   MicroModule.obj
 0001:00001410       ?ActionToStr@MicroModule@@QAE?AV?$basic_string@DU?$char_traits@D@std@@V?$allocator@D@2@@std@@W4Actions@@@Z 10002410 f   MicroModule.obj
 0001:00001810       ?StrToAction@MicroModule@@QAE?AW4Actions@@V?$basic_string@DU?$char_traits@D@std@@V?$allocator@D@2@@std@@@Z 10002810 f   MicroModule.obj
 0001:00002140       ?StrToCompType@MicroModule@@QAE?AW4CompareType@@V?$basic_string@DU?$char_traits@D@std@@V?$allocator@D@2@@std@@@Z 10003140 f   MicroModule.obj
 0001:00002250       ?CompTypeToStr@MicroModule@@QAE?AV?$basic_string@DU?$char_traits@D@std@@V?$allocator@D@2@@std@@W4CompareType@@@Z 10003250 f   MicroModule.obj
 0001:000022e0       ?StrToConditionals@MicroModule@@QAE?AW4Conditionals@@V?$basic_string@DU?$char_traits@D@std@@V?$allocator@D@2@@std@@@Z 100032e0 f   MicroModule.obj
 0001:000026e0       ?ConditionalsToStr@MicroModule@@QAE?AV?$basic_string@DU?$char_traits@D@std@@V?$allocator@D@2@@std@@W4Conditionals@@@Z 100036e0 f   MicroModule.obj
 0001:000028a0       ?RemoveDeadLoop@MicroModule@@QAEXAAV?$vector@PAVUnit@BWAPI@@V?$allocator@PAVUnit@BWAPI@@@std@@@std@@@Z 100038a0 f   MicroModule.obj
 0001:00002990       ?RemoveDead@MicroModule@@QAEXXZ 10003990 f   MicroModule.obj
 0001:00002c70       ?ConditionCheck@MicroModule@@QAE_NPAVUnit@BWAPI@@W4Conditionals@@W4CompareType@@HHVUnitType@3@@Z 10003c70 f   MicroModule.obj
 0001:000034a0       ?PerformAction@MicroModule@@QAEXPAVUnit@BWAPI@@W4Actions@@VUnitType@3@@Z 100044a0 f   MicroModule.obj
 0001:00004c90       ?CheckAction@MicroModule@@QAEXPAVUnit@BWAPI@@@Z 10005c90 f   MicroModule.obj
 0001:00005650       ??1IfThen@@QAE@XZ          10006650 f i MicroModule.obj
 0001:00005650       ??1?$vector@HV?$allocator@H@std@@@std@@QAE@XZ 10006650 f i MicroModule.obj
 0001:00005650       ??1?$vector@VUnitType@BWAPI@@V?$allocator@VUnitType@BWAPI@@@std@@@std@@QAE@XZ 10006650 f i MicroModule.obj
 0001:00005650       ??1?$vector@U?$pair@VUnitType@BWAPI@@H@std@@V?$allocator@U?$pair@VUnitType@BWAPI@@H@std@@@2@@std@@QAE@XZ 10006650 f i MicroModule.obj
 0001:00005650       ??1?$vector@UVulture@@V?$allocator@UVulture@@@std@@@std@@QAE@XZ 10006650 f i VultureManager.obj
 0001:00005650       ??1?$vector@UCondition@@V?$allocator@UCondition@@@std@@@std@@QAE@XZ 10006650 f i MicroModule.obj
 0001:00005650       ??1?$vector@PAVUnit@BWAPI@@V?$allocator@PAVUnit@BWAPI@@@std@@@std@@QAE@XZ 10006650 f i MicroModule.obj
 0001:00005650       ?destroy@?$allocator@UIfThen@@@std@@QAEXPAUIfThen@@@Z 10006650 f i MicroModule.obj
 0001:00005680       ??0IfThen@@QAE@ABU0@@Z     10006680 f i MicroModule.obj
 0001:000056b0       ?StoreEnd@MicroModule@@QAEXXZ 100066b0 f   MicroModule.obj
 0001:00005be0       ?GenerateAction@MicroModule@@QAE?AW4Actions@@VUnitType@BWAPI@@@Z 10006be0 f   MicroModule.obj
 0001:000064f0       ?GenerateCondition@MicroModule@@QAE?AW4Conditionals@@VUnitType@BWAPI@@@Z 100074f0 f   MicroModule.obj
 0001:00006850       ?ConditionValues@MicroModule@@QAEHW4Conditionals@@VUnitType@BWAPI@@@Z 10007850 f   MicroModule.obj
 0001:000069c0       ?GenerateIfThen@MicroModule@@QAE?AUIfThen@@VUnitType@BWAPI@@@Z 100079c0 f   MicroModule.obj
 0001:00006b40       ?GenerateNewHeuristic@MicroModule@@QAEXXZ 10007b40 f   MicroModule.obj
 0001:00006e50       ?StoreHeuristic@MicroModule@@QAEXV?$basic_string@DU?$char_traits@D@std@@V?$allocator@D@2@@std@@@Z 10007e50 f   MicroModule.obj
 0001:00007910       ?StoreHeuristicReadable@MicroModule@@QAEXV?$basic_string@DU?$char_traits@D@std@@V?$allocator@D@2@@std@@@Z 10008910 f   MicroModule.obj
 0001:00008410       ?NewHeuristics@MicroModule@@QAEXXZ 10009410 f   MicroModule.obj
 0001:00008be0       ?LoadHeuristic@MicroModule@@QAEXV?$basic_string@DU?$char_traits@D@std@@V?$allocator@D@2@@std@@@Z 10009be0 f   MicroModule.obj
 0001:00009190       ?OnFrame@MicroModule@@QAEXXZ 1000a190 f   MicroModule.obj
 0001:000095f0       ?AddUnit@MicroModule@@QAEXPAVUnit@BWAPI@@@Z 1000a5f0 f   MicroModule.obj
 0001:00009d50       ??0?$vector@UCondition@@V?$allocator@UCondition@@@std@@@std@@QAE@ABV01@@Z 1000ad50 f i MicroModule.obj
 0001:00009e60       ?push_back@?$vector@UCondition@@V?$allocator@UCondition@@@std@@@std@@QAEXABUCondition@@@Z 1000ae60 f i MicroModule.obj
 0001:00009f00       ?clear@?$vector@UCondition@@V?$allocator@UCondition@@@std@@@std@@QAEXXZ 1000af00 f i MicroModule.obj
 0001:00009f50       ?push_back@?$vector@UIfThen@@V?$allocator@UIfThen@@@std@@@std@@QAEXABUIfThen@@@Z 1000af50 f i MicroModule.obj
 0001:00009ff0       ?erase@?$vector@UIfThen@@V?$allocator@UIfThen@@@std@@@std@@QAE?AV?$_Vector_iterator@UIfThen@@V?$allocator@UIfThen@@@std@@@2@V?$_Vector_const_iterator@UIfThen@@V?$allocator@UIfThen@@@std@@@2@@Z 1000aff0 f i MicroModule.obj
 0001:0000a070       ?push_back@?$vector@VUnitType@BWAPI@@V?$allocator@VUnitType@BWAPI@@@std@@@std@@QAEXABVUnitType@BWAPI@@@Z 1000b070 f i MicroModule.obj
 0001:0000a0e0       ??1?$vector@UGenMoves@@V?$allocator@UGenMoves@@@std@@@std@@QAE@XZ 1000b0e0 f i MicroModule.obj
 0001:0000a130       ?push_back@?$vector@UGenMoves@@V?$allocator@UGenMoves@@@std@@@std@@QAEXABUGenMoves@@@Z 1000b130 f i MicroModule.obj
 0001:0000a1d0       ??0?$vector@UGenMoves@@V?$allocator@UGenMoves@@@std@@@std@@QAE@XZ 1000b1d0 f i MicroModule.obj
 0001:0000a1d0       ??0?$vector@PAVUnit@BWAPI@@V?$allocator@PAVUnit@BWAPI@@@std@@@std@@QAE@XZ 1000b1d0 f i MicroModule.obj
 0001:0000a1d0       ??0?$vector@UVulture@@V?$allocator@UVulture@@@std@@@std@@QAE@XZ 1000b1d0 f i VultureManager.obj
 0001:0000a1d0       ??0?$vector@HV?$allocator@H@std@@@std@@QAE@XZ 1000b1d0 f i MicroModule.obj
 0001:0000a1d0       ??0?$vector@VUnitType@BWAPI@@V?$allocator@VUnitType@BWAPI@@@std@@@std@@QAE@XZ 1000b1d0 f i MicroModule.obj
 0001:0000a1d0       ??0?$vector@U?$pair@VUnitType@BWAPI@@H@std@@V?$allocator@U?$pair@VUnitType@BWAPI@@H@std@@@2@@std@@QAE@XZ 1000b1d0 f i MicroModule.obj
 0001:0000a1d0       ??0?$vector@UCondition@@V?$allocator@UCondition@@@std@@@std@@QAE@XZ 1000b1d0 f i MicroModule.obj
 0001:0000a230       ?push_back@?$vector@PAVUnit@BWAPI@@V?$allocator@PAVUnit@BWAPI@@@std@@@std@@QAEXABQAVUnit@BWAPI@@@Z 1000b230 f i MicroModule.obj
 0001:0000a230       ?push_back@?$vector@HV?$allocator@H@std@@@std@@QAEXABH@Z 1000b230 f i MicroModule.obj
 0001:0000a290       ??A?$vector@PAVUnit@BWAPI@@V?$allocator@PAVUnit@BWAPI@@@std@@@std@@QAEAAPAVUnit@BWAPI@@I@Z 1000b290 f i MicroModule.obj
 0001:0000a2b0       ??1?$refcount_ptr@Uerror_info_container@exception_detail@boost@@@exception_detail@boost@@QAE@XZ 1000b2b0 f i MicroModule.obj
 0001:0000a2d0       ??1?$_Vector_val@PAVUnit@BWAPI@@V?$allocator@PAVUnit@BWAPI@@@std@@@std@@QAE@XZ 1000b2d0 f i MicroModule.obj
 0001:0000a2d0       ??1?$_Vector_val@UIfThen@@V?$allocator@UIfThen@@@std@@@std@@QAE@XZ 1000b2d0 f i MicroModule.obj
 0001:0000a2d0       ??1?$_Vector_val@VUnitType@BWAPI@@V?$allocator@VUnitType@BWAPI@@@std@@@std@@QAE@XZ 1000b2d0 f i MicroModule.obj
 0001:0000a2d0       ??1?$_Vector_val@UCondition@@V?$allocator@UCondition@@@std@@@std@@QAE@XZ 1000b2d0 f i MicroModule.obj
 0001:0000a2d0       ??1?$_Vector_val@UGenMoves@@V?$allocator@UGenMoves@@@std@@@std@@QAE@XZ 1000b2d0 f i MicroModule.obj
 0001:0000a2d0       ??1?$_Vector_val@HV?$allocator@H@std@@@std@@QAE@XZ 1000b2d0 f i MicroModule.obj
 0001:0000a2d0       ??1?$_Vector_val@U?$pair@VUnitType@BWAPI@@H@std@@V?$allocator@U?$pair@VUnitType@BWAPI@@H@std@@@2@@std@@QAE@XZ 1000b2d0 f i MicroModule.obj
 0001:0000a2d0       ??1?$_Vector_val@UVulture@@V?$allocator@UVulture@@@std@@@std@@QAE@XZ 1000b2d0 f i VultureManager.obj
 0001:0000a2e0       ?insert@?$vector@UCondition@@V?$allocator@UCondition@@@std@@@std@@QAE?AV?$_Vector_iterator@UCondition@@V?$allocator@UCondition@@@std@@@2@V?$_Vector_const_iterator@UCondition@@V?$allocator@UCondition@@@std@@@2@ABUCondition@@@Z 1000b2e0 f i MicroModule.obj
 0001:0000a3b0       ?erase@?$vector@UCondition@@V?$allocator@UCondition@@@std@@@std@@QAE?AV?$_Vector_iterator@UCondition@@V?$allocator@UCondition@@@std@@@2@V?$_Vector_const_iterator@UCondition@@V?$allocator@UCondition@@@std@@@2@0@Z 1000b3b0 f i MicroModule.obj
 0001:0000a440       ?_Buy@?$vector@UCondition@@V?$allocator@UCondition@@@std@@@std@@IAE_NI@Z 1000b440 f i MicroModule.obj
 0001:0000a470       ?_Tidy@?$vector@UCondition@@V?$allocator@UCondition@@@std@@@std@@IAEXXZ 1000b470 f i MicroModule.obj
 0001:0000a4a0       ?_Ufill@?$vector@UCondition@@V?$allocator@UCondition@@@std@@@std@@IAEPAUCondition@@PAU3@IABU3@@Z 1000b4a0 f i MicroModule.obj
 0001:0000a4d0       ?insert@?$vector@UIfThen@@V?$allocator@UIfThen@@@std@@@std@@QAE?AV?$_Vector_iterator@UIfThen@@V?$allocator@UIfThen@@@std@@@2@V?$_Vector_const_iterator@UIfThen@@V?$allocator@UIfThen@@@std@@@2@ABUIfThen@@@Z 1000b4d0 f i MicroModule.obj
 0001:0000a5a0       ?_Buy@?$vector@UIfThen@@V?$allocator@UIfThen@@@std@@@std@@IAE_NI@Z 1000b5a0 f i MicroModule.obj
 0001:0000a5d0       ?_Destroy@?$vector@UIfThen@@V?$allocator@UIfThen@@@std@@@std@@IAEXPAUIfThen@@0@Z 1000b5d0 f i MicroModule.obj
 0001:0000a5f0       ?_Tidy@?$vector@UIfThen@@V?$allocator@UIfThen@@@std@@@std@@IAEXXZ 1000b5f0 f i MicroModule.obj
 0001:0000a630       ?_Ufill@?$vector@UIfThen@@V?$allocator@UIfThen@@@std@@@std@@IAEPAUIfThen@@PAU3@IABU3@@Z 1000b630 f i MicroModule.obj
 0001:0000a660       ?insert@?$vector@VUnitType@BWAPI@@V?$allocator@VUnitType@BWAPI@@@std@@@std@@QAE?AV?$_Vector_iterator@VUnitType@BWAPI@@V?$allocator@VUnitType@BWAPI@@@std@@@2@V?$_Vector_const_iterator@VUnitType@BWAPI@@V?$allocator@VUnitType@BWAPI@@@std@@@2@ABVUnitType@BWAPI@@@Z 1000b660 f i MicroModule.obj
 0001:0000a710       ?erase@?$vector@VUnitType@BWAPI@@V?$allocator@VUnitType@BWAPI@@@std@@@std@@QAE?AV?$_Vector_iterator@VUnitType@BWAPI@@V?$allocator@VUnitType@BWAPI@@@std@@@2@V?$_Vector_const_iterator@VUnitType@BWAPI@@V?$allocator@VUnitType@BWAPI@@@std@@@2@0@Z 1000b710 f i MicroModule.obj
 0001:0000a7a0       ?insert@?$vector@UGenMoves@@V?$allocator@UGenMoves@@@std@@@std@@QAE?AV?$_Vector_iterator@UGenMoves@@V?$allocator@UGenMoves@@@std@@@2@V?$_Vector_const_iterator@UGenMoves@@V?$allocator@UGenMoves@@@std@@@2@ABUGenMoves@@@Z 1000b7a0 f i MicroModule.obj
 0001:0000a870       ?erase@?$vector@UGenMoves@@V?$allocator@UGenMoves@@@std@@@std@@QAE?AV?$_Vector_iterator@UGenMoves@@V?$allocator@UGenMoves@@@std@@@2@V?$_Vector_const_iterator@UGenMoves@@V?$allocator@UGenMoves@@@std@@@2@0@Z 1000b870 f i MicroModule.obj
 0001:0000a950       ?_Ufill@?$vector@UGenMoves@@V?$allocator@UGenMoves@@@std@@@std@@IAEPAUGenMoves@@PAU3@IABU3@@Z 1000b950 f i MicroModule.obj
 0001:0000a980       ?insert@?$vector@PAVUnit@BWAPI@@V?$allocator@PAVUnit@BWAPI@@@std@@@std@@QAE?AV?$_Vector_iterator@PAVUnit@BWAPI@@V?$allocator@PAVUnit@BWAPI@@@std@@@2@V?$_Vector_const_iterator@PAVUnit@BWAPI@@V?$allocator@PAVUnit@BWAPI@@@std@@@2@ABQAVUnit@BWAPI@@@Z 1000b980 f i MicroModule.obj
 0001:0000a980       ?insert@?$vector@HV?$allocator@H@std@@@std@@QAE?AV?$_Vector_iterator@HV?$allocator@H@std@@@2@V?$_Vector_const_iterator@HV?$allocator@H@std@@@2@ABH@Z 1000b980 f i MicroModule.obj
 0001:0000aa30       ?insert@?$vector@U?$pair@VUnitType@BWAPI@@H@std@@V?$allocator@U?$pair@VUnitType@BWAPI@@H@std@@@2@@std@@QAE?AV?$_Vector_iterator@U?$pair@VUnitType@BWAPI@@H@std@@V?$allocator@U?$pair@VUnitType@BWAPI@@H@std@@@2@@2@V?$_Vector_const_iterator@U?$pair@VUnitType@BWAPI@@H@std@@V?$allocator@U?$pair@VUnitType@BWAPI@@H@std@@@2@@2@ABU?$pair@VUnitType@BWAPI@@H@2@@Z 1000ba30 f i MicroModule.obj
 0001:0000aae0       ?erase@?$vector@PAVUnit@BWAPI@@V?$allocator@PAVUnit@BWAPI@@@std@@@std@@QAE?AV?$_Vector_iterator@PAVUnit@BWAPI@@V?$allocator@PAVUnit@BWAPI@@@std@@@2@V?$_Vector_const_iterator@PAVUnit@BWAPI@@V?$allocator@PAVUnit@BWAPI@@@std@@@2@0@Z 1000bae0 f i MicroModule.obj
 0001:0000aae0       ?erase@?$vector@HV?$allocator@H@std@@@std@@QAE?AV?$_Vector_iterator@HV?$allocator@H@std@@@2@V?$_Vector_const_iterator@HV?$allocator@H@std@@@2@0@Z 1000bae0 f i MicroModule.obj
 0001:0000ab80       ?_Ufill@?$vector@HV?$allocator@H@std@@@std@@IAEPAHPAHIABH@Z 1000bb80 f i MicroModule.obj
 0001:0000ab80       ?_Ufill@?$vector@PAVUnit@BWAPI@@V?$allocator@PAVUnit@BWAPI@@@std@@@std@@IAEPAPAVUnit@BWAPI@@PAPAV34@IABQAV34@@Z 1000bb80 f i MicroModule.obj
 0001:0000abb0       ??0sentry@?$basic_ostream@DU?$char_traits@D@std@@@std@@QAE@AAV12@@Z 1000bbb0 f i MicroModule.obj
 0001:0000ac40       ??1sentry@?$basic_ostream@DU?$char_traits@D@std@@@std@@QAE@XZ 1000bc40 f i MicroModule.obj
 0001:0000acb0       ?_Insert_n@?$vector@UCondition@@V?$allocator@UCondition@@@std@@@std@@IAEXV?$_Vector_const_iterator@UCondition@@V?$allocator@UCondition@@@std@@@2@IABUCondition@@@Z 1000bcb0 f i MicroModule.obj
 0001:0000af20       ?allocate@?$allocator@UCondition@@@std@@QAEPAUCondition@@I@Z 1000bf20 f i MicroModule.obj
 0001:0000af80       ?_Insert_n@?$vector@UIfThen@@V?$allocator@UIfThen@@@std@@@std@@IAEXV?$_Vector_const_iterator@UIfThen@@V?$allocator@UIfThen@@@std@@@2@IABUIfThen@@@Z 1000bf80 f i MicroModule.obj
 0001:0000b280       ?allocate@?$allocator@UVulture@@@std@@QAEPAUVulture@@I@Z 1000c280 f i VultureManager.obj
 0001:0000b280       ?allocate@?$allocator@UIfThen@@@std@@QAEPAUIfThen@@I@Z 1000c280 f i MicroModule.obj
 0001:0000b2e0       ?_Insert_n@?$vector@VUnitType@BWAPI@@V?$allocator@VUnitType@BWAPI@@@std@@@std@@IAEXV?$_Vector_const_iterator@VUnitType@BWAPI@@V?$allocator@VUnitType@BWAPI@@@std@@@2@IABVUnitType@BWAPI@@@Z 1000c2e0 f i MicroModule.obj
 0001:0000b520       ?allocate@?$allocator@H@std@@QAEPAHI@Z 1000c520 f i MicroModule.obj
 0001:0000b520       ?allocate@?$allocator@PAVUnit@BWAPI@@@std@@QAEPAPAVUnit@BWAPI@@I@Z 1000c520 f i MicroModule.obj
 0001:0000b520       ?allocate@?$allocator@VUnitType@BWAPI@@@std@@QAEPAVUnitType@BWAPI@@I@Z 1000c520 f i MicroModule.obj
 0001:0000b580       ?_Destroy@?$vector@UGenMoves@@V?$allocator@UGenMoves@@@std@@@std@@IAEXPAUGenMoves@@0@Z 1000c580 f i MicroModule.obj
 0001:0000b5a0       ?_Insert_n@?$vector@UGenMoves@@V?$allocator@UGenMoves@@@std@@@std@@IAEXV?$_Vector_const_iterator@UGenMoves@@V?$allocator@UGenMoves@@@std@@@2@IABUGenMoves@@@Z 1000c5a0 f i MicroModule.obj
 0001:0000b8c0       ?_Xlen@?$vector@PAVUnit@BWAPI@@V?$allocator@PAVUnit@BWAPI@@@std@@@std@@KAXXZ 1000c8c0 f i MicroModule.obj
 0001:0000b8c0       ?_Xlen@?$vector@UGenMoves@@V?$allocator@UGenMoves@@@std@@@std@@KAXXZ 1000c8c0 f i MicroModule.obj
 0001:0000b8c0       ?_Xlen@?$vector@UVulture@@V?$allocator@UVulture@@@std@@@std@@KAXXZ 1000c8c0 f i VultureManager.obj
 0001:0000b8c0       ?_Xlen@?$vector@U?$pair@VUnitType@BWAPI@@H@std@@V?$allocator@U?$pair@VUnitType@BWAPI@@H@std@@@2@@std@@KAXXZ 1000c8c0 f i MicroModule.obj
 0001:0000b8c0       ?_Xlen@?$vector@VUnitType@BWAPI@@V?$allocator@VUnitType@BWAPI@@@std@@@std@@KAXXZ 1000c8c0 f i MicroModule.obj
 0001:0000b8c0       ?_Xlen@?$vector@HV?$allocator@H@std@@@std@@KAXXZ 1000c8c0 f i MicroModule.obj
 0001:0000b8c0       ?_Xlen@?$vector@UIfThen@@V?$allocator@UIfThen@@@std@@@std@@KAXXZ 1000c8c0 f i MicroModule.obj
 0001:0000b8c0       ?_Xlen@?$vector@UCondition@@V?$allocator@UCondition@@@std@@@std@@KAXXZ 1000c8c0 f i MicroModule.obj
 0001:0000b940       ?allocate@?$allocator@UGenMoves@@@std@@QAEPAUGenMoves@@I@Z 1000c940 f i MicroModule.obj
 0001:0000b9a0       ?_Insert_n@?$vector@HV?$allocator@H@std@@@std@@IAEXV?$_Vector_const_iterator@HV?$allocator@H@std@@@2@IABH@Z 1000c9a0 f i MicroModule.obj
 0001:0000b9a0       ?_Insert_n@?$vector@PAVUnit@BWAPI@@V?$allocator@PAVUnit@BWAPI@@@std@@@std@@IAEXV?$_Vector_const_iterator@PAVUnit@BWAPI@@V?$allocator@PAVUnit@BWAPI@@@std@@@2@IABQAVUnit@BWAPI@@@Z 1000c9a0 f i MicroModule.obj
 0001:0000bb60       ?_Insert_n@?$vector@U?$pair@VUnitType@BWAPI@@H@std@@V?$allocator@U?$pair@VUnitType@BWAPI@@H@std@@@2@@std@@IAEXV?$_Vector_const_iterator@U?$pair@VUnitType@BWAPI@@H@std@@V?$allocator@U?$pair@VUnitType@BWAPI@@H@std@@@2@@2@IABU?$pair@VUnitType@BWAPI@@H@2@@Z 1000cb60 f i MicroModule.obj
 0001:0000bdb0       ?allocate@?$allocator@U?$pair@VUnitType@BWAPI@@H@std@@@std@@QAEPAU?$pair@VUnitType@BWAPI@@H@2@I@Z 1000cdb0 f i MicroModule.obj
 0001:0000be10       ??1_Sentry_base@?$basic_ostream@DU?$char_traits@D@std@@@std@@QAE@XZ 1000ce10 f i MicroModule.obj
 0001:0000be30       ??0length_error@std@@QAE@ABV01@@Z 1000ce30 f i MicroModule.obj
 0001:0000be50       ??0?$vector@UIfThen@@V?$allocator@UIfThen@@@std@@@std@@QAE@ABV01@@Z 1000ce50 f i MicroModule.obj
 0001:0000bf60       ??$lexical_cast@V?$basic_string@DU?$char_traits@D@std@@V?$allocator@D@2@@std@@H@boost@@YA?AV?$basic_string@DU?$char_traits@D@std@@V?$allocator@D@2@@std@@ABH@Z 1000cf60 f i MicroModule.obj
 0001:0000bf80       ??$?6U?$char_traits@D@std@@@std@@YAAAV?$basic_ostream@DU?$char_traits@D@std@@@0@AAV10@PBD@Z 1000cf80 f i MicroModule.obj
 0001:0000c140       ??$lexical_cast@V?$basic_string@DU?$char_traits@D@std@@V?$allocator@D@2@@std@@I@boost@@YA?AV?$basic_string@DU?$char_traits@D@std@@V?$allocator@D@2@@std@@ABI@Z 1000d140 f i MicroModule.obj
 0001:0000c160       ??$use_facet@V?$numpunct@D@std@@@std@@YAABV?$numpunct@D@0@ABVlocale@0@@Z 1000d160 f i MicroModule.obj
 0001:0000c240       ??$unchecked_copy@PAUIfThen@@PAU1@@stdext@@YAPAUIfThen@@PAU1@00@Z 1000d240 f i MicroModule.obj
 0001:0000c290       ??$unchecked_copy@PAUCondition@@PAU1@@stdext@@YAPAUCondition@@PAU1@00@Z 1000d290 f i MicroModule.obj
 0001:0000c2c0       ??$fill@PAUCondition@@U1@@std@@YAXPAUCondition@@0ABU1@@Z 1000d2c0 f i MicroModule.obj
 0001:0000c2f0       ??$_Unchecked_move_backward@PAUIfThen@@PAU1@@stdext@@YAPAUIfThen@@PAU1@00@Z 1000d2f0 f i MicroModule.obj
 0001:0000c350       ??$_Umove@PAVUnitType@BWAPI@@@?$vector@VUnitType@BWAPI@@V?$allocator@VUnitType@BWAPI@@@std@@@std@@IAEPAVUnitType@BWAPI@@PAV23@00@Z 1000d350 f i MicroModule.obj
 0001:0000c380       ??$_Umove@PAUGenMoves@@@?$vector@UGenMoves@@V?$allocator@UGenMoves@@@std@@@std@@IAEPAUGenMoves@@PAU2@00@Z 1000d380 f i MicroModule.obj
 0001:0000c3b0       ??$fill@PAUGenMoves@@U1@@std@@YAXPAUGenMoves@@0ABU1@@Z 1000d3b0 f i MicroModule.obj
 0001:0000c3f0       ??$_Unchecked_move_backward@PAUGenMoves@@PAU1@@stdext@@YAPAUGenMoves@@PAU1@00@Z 1000d3f0 f i MicroModule.obj
 0001:0000c450       ??$_Umove@PAH@?$vector@HV?$allocator@H@std@@@std@@IAEPAHPAH00@Z 1000d450 f i MicroModule.obj
 0001:0000c450       ??$_Umove@PAPAVUnit@BWAPI@@@?$vector@PAVUnit@BWAPI@@V?$allocator@PAVUnit@BWAPI@@@std@@@std@@IAEPAPAVUnit@BWAPI@@PAPAV23@00@Z 1000d450 f i MicroModule.obj
 0001:0000c480       ??$_Umove@PAU?$pair@VUnitType@BWAPI@@H@std@@@?$vector@U?$pair@VUnitType@BWAPI@@H@std@@V?$allocator@U?$pair@VUnitType@BWAPI@@H@std@@@2@@std@@IAEPAU?$pair@VUnitType@BWAPI@@H@1@PAU21@00@Z 1000d480 f i MicroModule.obj
 0001:0000c4b0       ??$_Unchecked_move_backward@PAU?$pair@VUnitType@BWAPI@@H@std@@PAU12@@stdext@@YAPAU?$pair@VUnitType@BWAPI@@H@std@@PAU12@00@Z 1000d4b0 f i MicroModule.obj
 0001:0000c4f0       ??0bad_alloc@std@@QAE@ABV01@@Z 1000d4f0 f i MicroModule.obj
 0001:0000c510       ?lexical_cast_impl@?$lexical_cast_do_cast@V?$basic_string@DU?$char_traits@D@std@@V?$allocator@D@2@@std@@H@detail@boost@@SA?AV?$basic_string@DU?$char_traits@D@std@@V?$allocator@D@2@@std@@ABH@Z 1000d510 f i MicroModule.obj
 0001:0000c5f0       ?lexical_cast_impl@?$lexical_cast_do_cast@V?$basic_string@DU?$char_traits@D@std@@V?$allocator@D@2@@std@@I@detail@boost@@SA?AV?$basic_string@DU?$char_traits@D@std@@V?$allocator@D@2@@std@@ABI@Z 1000d5f0 f i MicroModule.obj
 0001:0000c6b0       ?_Inc@const_iterator@?$_Tree@V?$_Tset_traits@VUnitType@BWAPI@@U?$less@VUnitType@BWAPI@@@std@@V?$allocator@VUnitType@BWAPI@@@4@$0A@@std@@@std@@QAEXXZ 1000d6b0 f i MicroModule.obj
 0001:0000c720       ?_Min@?$_Tree@V?$_Tset_traits@VUnitType@BWAPI@@U?$less@VUnitType@BWAPI@@@std@@V?$allocator@VUnitType@BWAPI@@@4@$0A@@std@@@std@@KAPAU_Node@?$_Tree_nod@V?$_Tset_traits@VUnitType@BWAPI@@U?$less@VUnitType@BWAPI@@@std@@V?$allocator@VUnitType@BWAPI@@@4@$0A@@std@@@2@PAU342@@Z 1000d720 f i MicroModule.obj
 0001:0000c740       ??$_Construct@V?$_String_iterator@DU?$char_traits@D@std@@V?$allocator@D@2@@std@@@?$basic_string@_WU?$char_traits@_W@std@@V?$allocator@_W@2@@std@@QAEXV?$_String_iterator@DU?$char_traits@D@std@@V?$allocator@D@2@@1@0Uforward_iterator_tag@1@@Z 1000d740 f i MicroModule.obj
 0001:0000c880       ??$_Copy_opt@PAUCondition@@PAU1@@std@@YAPAUCondition@@PAU1@00Urandom_access_iterator_tag@0@U_Nonscalar_ptr_iterator_tag@0@U_Range_checked_iterator_tag@0@@Z 1000d880 f i MicroModule.obj
 0001:0000c8d0       ??$_Uninit_fill_n@PAUCondition@@IU1@V?$allocator@UCondition@@@std@@@std@@YAXPAUCondition@@IABU1@AAV?$allocator@UCondition@@@0@U_Nonscalar_ptr_iterator_tag@0@U_Range_checked_iterator_tag@0@@Z 1000d8d0 f i MicroModule.obj
 0001:0000c900       ??$_Destroy_range@V?$allocator@UIfThen@@@std@@@std@@YAXPAUIfThen@@0AAV?$allocator@UIfThen@@@0@U_Nonscalar_ptr_iterator_tag@0@@Z 1000d900 f i MicroModule.obj
 0001:0000c940       ??$_Uninit_fill_n@PAUIfThen@@IU1@V?$allocator@UIfThen@@@std@@@std@@YAXPAUIfThen@@IABU1@AAV?$allocator@UIfThen@@@0@U_Nonscalar_ptr_iterator_tag@0@U_Range_checked_iterator_tag@0@@Z 1000d940 f i MicroModule.obj
 0001:0000ca00       ??$_Uninit_fill_n@PAVUnitType@BWAPI@@IV12@V?$allocator@VUnitType@BWAPI@@@std@@@std@@YAXPAVUnitType@BWAPI@@IABV12@AAV?$allocator@VUnitType@BWAPI@@@0@U_Nonscalar_ptr_iterator_tag@0@U_Range_checked_iterator_tag@0@@Z 1000da00 f i MicroModule.obj
 0001:0000ca20       ??$_Uninit_fill_n@PAUGenMoves@@IU1@V?$allocator@UGenMoves@@@std@@@std@@YAXPAUGenMoves@@IABU1@AAV?$allocator@UGenMoves@@@0@U_Nonscalar_ptr_iterator_tag@0@U_Range_checked_iterator_tag@0@@Z 1000da20 f i MicroModule.obj
 0001:0000cad0       ??$_Uninit_fill_n@PAU?$pair@VUnitType@BWAPI@@H@std@@IU12@V?$allocator@U?$pair@VUnitType@BWAPI@@H@std@@@2@@std@@YAXPAU?$pair@VUnitType@BWAPI@@H@0@IABU10@AAV?$allocator@U?$pair@VUnitType@BWAPI@@H@std@@@0@U_Nonscalar_ptr_iterator_tag@0@U_Range_checked_iterator_tag@0@@Z 1000dad0 f i MicroModule.obj
 0001:0000caf0       ??$_Fill@PAUIfThen@@U1@@std@@YAXPAUIfThen@@0ABU1@@Z 1000daf0 f i MicroModule.obj
 0001:0000cb30       ??$_Destroy_range@V?$allocator@UGenMoves@@@std@@@std@@YAXPAUGenMoves@@0AAV?$allocator@UGenMoves@@@0@U_Nonscalar_ptr_iterator_tag@0@@Z 1000db30 f i MicroModule.obj
 0001:0000cb80       ??$?5V?$allocator@D@std@@@?$lexical_stream_limited_src@DU?$char_traits@D@std@@$0A@@detail@boost@@QAE_NAAV?$basic_string@DU?$char_traits@D@std@@V?$allocator@D@2@@std@@@Z 1000db80 f i MicroModule.obj
 0001:0000cbe0       ??$throw_exception@Vbad_lexical_cast@boost@@@boost@@YAXABVbad_lexical_cast@0@@Z 1000dbe0 f i MicroModule.obj
 0001:0000cc30       ??$lcast_put_unsigned@U?$char_traits@D@std@@ID@detail@boost@@YAPADIPAD@Z 1000dc30 f i MicroModule.obj
 0001:0000cda0       ??_D?$clone_impl@U?$error_info_injector@Vbad_lexical_cast@boost@@@exception_detail@boost@@@exception_detail@boost@@QAEXXZ 1000dda0 f i MicroModule.obj
 0001:0000cdc0       ??0?$clone_impl@U?$error_info_injector@Vbad_lexical_cast@boost@@@exception_detail@boost@@@exception_detail@boost@@QAE@ABV012@@Z 1000ddc0 f i MicroModule.obj
 0001:0000ce60       ??0?$error_info_injector@Vbad_lexical_cast@boost@@@exception_detail@boost@@QAE@ABU012@@Z 1000de60 f i MicroModule.obj
 0001:0000cf00       ??0bad_lexical_cast@boost@@QAE@ABV01@@Z 1000df00 f i MicroModule.obj
 0001:0000cf30       ??0exception@boost@@QAE@ABV01@@Z 1000df30 f i MicroModule.obj
 0001:0000cf70       ??0clone_base@exception_detail@boost@@QAE@ABV012@@Z 1000df70 f i MicroModule.obj
 0001:0000cf80       ??_E?$clone_impl@U?$error_info_injector@Vbad_lexical_cast@boost@@@exception_detail@boost@@@exception_detail@boost@@UAEPAXI@Z 1000df80 f i  CIL library: CIL module
 0001:0000cf80       ??_G?$clone_impl@U?$error_info_injector@Vbad_lexical_cast@boost@@@exception_detail@boost@@@exception_detail@boost@@UAEPAXI@Z 1000df80 f i MicroModule.obj
 0001:0000cfb0       ??_E?$error_info_injector@Vbad_lexical_cast@boost@@@exception_detail@boost@@UAEPAXI@Z 1000dfb0 f i  CIL library: CIL module
 0001:0000cfb0       ??_G?$error_info_injector@Vbad_lexical_cast@boost@@@exception_detail@boost@@UAEPAXI@Z 1000dfb0 f i MicroModule.obj
 0001:0000d010       ??4?$vector@UCondition@@V?$allocator@UCondition@@@std@@@std@@QAEAAV01@ABV01@@Z 1000e010 f i MicroModule.obj
 0001:0000d160       ??4?$vector@UIfThen@@V?$allocator@UIfThen@@@std@@@std@@QAEAAV01@ABV01@@Z 1000e160 f i MicroModule.obj
 0001:0000d2e0       ??1GenMoves@@QAE@XZ        1000e2e0 f i MicroModule.obj
 0001:0000d2e0       ?destroy@?$allocator@UGenMoves@@@std@@QAEXPAUGenMoves@@@Z 1000e2e0 f i MicroModule.obj
 0001:0000d2e0       ??1?$vector@UIfThen@@V?$allocator@UIfThen@@@std@@@std@@QAE@XZ 1000e2e0 f i MicroModule.obj
 0001:0000d330       ??1?$error_info_injector@Vbad_lexical_cast@boost@@@exception_detail@boost@@UAE@XZ 1000e330 f i MicroModule.obj
 0001:0000d370       ??1?$clone_impl@U?$error_info_injector@Vbad_lexical_cast@boost@@@exception_detail@boost@@@exception_detail@boost@@UAE@XZ 1000e370 f i MicroModule.obj
 0001:0000d3e0       ?clone@?$clone_impl@U?$error_info_injector@Vbad_lexical_cast@boost@@@exception_detail@boost@@@exception_detail@boost@@EBEPBVclone_base@23@XZ 1000e3e0 f i MicroModule.obj
 0001:0000d470       ?rethrow@?$clone_impl@U?$error_info_injector@Vbad_lexical_cast@boost@@@exception_detail@boost@@@exception_detail@boost@@EBEXXZ 1000e470 f i MicroModule.obj
 0001:0000d4a0       ?clear@?$vector@UIfThen@@V?$allocator@UIfThen@@@std@@@std@@QAEXXZ 1000e4a0 f i MicroModule.obj
 0001:0000d4f0       ??0?$clone_impl@U?$error_info_injector@Vbad_lexical_cast@boost@@@exception_detail@boost@@@exception_detail@boost@@AAE@ABV012@Uclone_tag@012@@Z 1000e4f0 f i MicroModule.obj
 0001:0000d5a0       ?erase@?$vector@UIfThen@@V?$allocator@UIfThen@@@std@@@std@@QAE?AV?$_Vector_iterator@UIfThen@@V?$allocator@UIfThen@@@std@@@2@V?$_Vector_const_iterator@UIfThen@@V?$allocator@UIfThen@@@std@@@2@0@Z 1000e5a0 f i MicroModule.obj
 0001:0000d670       ??$_Uninit_copy@PBUCondition@@PAU1@V?$allocator@UCondition@@@std@@@std@@YAPAUCondition@@PBU1@0PAU1@AAV?$allocator@UCondition@@@0@U_Nonscalar_ptr_iterator_tag@0@U_Range_checked_iterator_tag@0@@Z 1000e670 f i MicroModule.obj
 0001:0000d670       ??$_Uninit_copy@PAUCondition@@PAU1@V?$allocator@UCondition@@@std@@@std@@YAPAUCondition@@PAU1@00AAV?$allocator@UCondition@@@0@U_Nonscalar_ptr_iterator_tag@0@U_Range_checked_iterator_tag@0@@Z 1000e670 f i MicroModule.obj
 0001:0000d6b0       ??$_Copy_opt@PAUIfThen@@PAU1@Uforward_iterator_tag@std@@@std@@YAPAUIfThen@@PAU1@00Uforward_iterator_tag@0@U_Nonscalar_ptr_iterator_tag@0@U_Range_checked_iterator_tag@0@@Z 1000e6b0 f i MicroModule.obj
 0001:0000d6f0       ??$_Copy_opt@PAUGenMoves@@PAU1@Uforward_iterator_tag@std@@@std@@YAPAUGenMoves@@PAU1@00Uforward_iterator_tag@0@U_Nonscalar_ptr_iterator_tag@0@U_Range_checked_iterator_tag@0@@Z 1000e6f0 f i MicroModule.obj
 0001:0000d730       ??$_Copy_backward_opt@PAUCondition@@PAU1@@std@@YAPAUCondition@@PAU1@00Urandom_access_iterator_tag@0@U_Nonscalar_ptr_iterator_tag@0@U_Range_checked_iterator_tag@0@@Z 1000e730 f i MicroModule.obj
 0001:0000d790       ??$_Uninit_copy@PAUIfThen@@PAU1@V?$allocator@UIfThen@@@std@@@std@@YAPAUIfThen@@PAU1@00AAV?$allocator@UIfThen@@@0@U_Nonscalar_ptr_iterator_tag@0@U_Range_checked_iterator_tag@0@@Z 1000e790 f i MicroModule.obj
 0001:0000d790       ??$_Uninit_copy@PBUIfThen@@PAU1@V?$allocator@UIfThen@@@std@@@std@@YAPAUIfThen@@PBU1@0PAU1@AAV?$allocator@UIfThen@@@0@U_Nonscalar_ptr_iterator_tag@0@U_Range_checked_iterator_tag@0@@Z 1000e790 f i MicroModule.obj
 0001:0000d840       ??$enable_error_info@Vbad_lexical_cast@boost@@@boost@@YA?AU?$error_info_injector@Vbad_lexical_cast@boost@@@exception_detail@0@ABVbad_lexical_cast@0@@Z 1000e840 f i MicroModule.obj
 0001:0000d890       ??$enable_current_exception@U?$error_info_injector@Vbad_lexical_cast@boost@@@exception_detail@boost@@@boost@@YA?AV?$clone_impl@U?$error_info_injector@Vbad_lexical_cast@boost@@@exception_detail@boost@@@exception_detail@0@ABU?$error_info_injector@Vbad_lexical_cast@boost@@@20@@Z 1000e890 f i MicroModule.obj
 0001:0000d8b0       ??$_Ucopy@PAUCondition@@@?$vector@UCondition@@V?$allocator@UCondition@@@std@@@std@@IAEPAUCondition@@PAU2@00@Z 1000e8b0 f i MicroModule.obj
 0001:0000d8b0       ??$_Umove@PAUCondition@@@?$vector@UCondition@@V?$allocator@UCondition@@@std@@@std@@IAEPAUCondition@@PAU2@00@Z 1000e8b0 f i MicroModule.obj
 0001:0000d8e0       ??$_Umove@PAUIfThen@@@?$vector@UIfThen@@V?$allocator@UIfThen@@@std@@@std@@IAEPAUIfThen@@PAU2@00@Z 1000e8e0 f i MicroModule.obj
 0001:0000d8e0       ??$_Ucopy@PAUIfThen@@@?$vector@UIfThen@@V?$allocator@UIfThen@@@std@@@std@@IAEPAUIfThen@@PAU2@00@Z 1000e8e0 f i MicroModule.obj
 0001:0000d910       ??0?$clone_impl@U?$error_info_injector@Vbad_lexical_cast@boost@@@exception_detail@boost@@@exception_detail@boost@@QAE@ABU?$error_info_injector@Vbad_lexical_cast@boost@@@12@@Z 1000e910 f i MicroModule.obj
 0001:0000d9c0       ??$_Copy_backward_opt@PAUIfThen@@PAU1@Uforward_iterator_tag@std@@@std@@YAPAUIfThen@@PAU1@00Uforward_iterator_tag@0@U_Nonscalar_ptr_iterator_tag@0@U_Range_checked_iterator_tag@0@@Z 1000e9c0 f i MicroModule.obj
 0001:0000da00       ??$_Copy_backward_opt@PAUGenMoves@@PAU1@Uforward_iterator_tag@std@@@std@@YAPAUGenMoves@@PAU1@00Uforward_iterator_tag@0@U_Nonscalar_ptr_iterator_tag@0@U_Range_checked_iterator_tag@0@@Z 1000ea00 f i MicroModule.obj
 0001:0000da40       ??$_Uninit_copy@PAVUnitType@BWAPI@@PAV12@V?$allocator@VUnitType@BWAPI@@@std@@@std@@YAPAVUnitType@BWAPI@@PAV12@00AAV?$allocator@VUnitType@BWAPI@@@0@U_Nonscalar_ptr_iterator_tag@0@U_Range_checked_iterator_tag@0@@Z 1000ea40 f i MicroModule.obj
 0001:0000da60       ??$_Uninit_copy@PAUGenMoves@@PAU1@V?$allocator@UGenMoves@@@std@@@std@@YAPAUGenMoves@@PAU1@00AAV?$allocator@UGenMoves@@@0@U_Nonscalar_ptr_iterator_tag@0@U_Range_checked_iterator_tag@0@@Z 1000ea60 f i MicroModule.obj
 0001:0000db10       ??$_Uninit_copy@PAU?$pair@VUnitType@BWAPI@@H@std@@PAU12@V?$allocator@U?$pair@VUnitType@BWAPI@@H@std@@@2@@std@@YAPAU?$pair@VUnitType@BWAPI@@H@0@PAU10@00AAV?$allocator@U?$pair@VUnitType@BWAPI@@H@std@@@0@U_Nonscalar_ptr_iterator_tag@0@U_Range_checked_iterator_tag@0@@Z 1000eb10 f i MicroModule.obj
 0001:0000db30       ??$_Replace@PAD@?$basic_string@DU?$char_traits@D@std@@V?$allocator@D@2@@std@@QAEAAV01@V?$_String_const_iterator@DU?$char_traits@D@std@@V?$allocator@D@2@@1@0PAD1Uinput_iterator_tag@1@@Z 1000eb30 f i MicroModule.obj
 0001:0000dbd0       ??$_Construct@PAD@?$basic_string@DU?$char_traits@D@std@@V?$allocator@D@2@@std@@QAEXPAD0Uforward_iterator_tag@1@@Z 1000ebd0 f i MicroModule.obj
 0001:0000dc60       ??_E?$clone_impl@U?$error_info_injector@Vbad_lexical_cast@boost@@@exception_detail@boost@@@exception_detail@boost@@$4PPPPPPPM@DA@AEPAXI@Z 1000ec60 f i MicroModule.obj
 0001:0000dc70       ?rethrow@?$clone_impl@U?$error_info_injector@Vbad_lexical_cast@boost@@@exception_detail@boost@@@exception_detail@boost@@$0PPPPPPPM@A@BEXXZ 1000ec70 f i MicroModule.obj
 0001:0000dc80       ??_E?$clone_impl@U?$error_info_injector@Vbad_lexical_cast@boost@@@exception_detail@boost@@@exception_detail@boost@@WBE@AEPAXI@Z 1000ec80 f i MicroModule.obj
 0001:0000dc90       ?clone@?$clone_impl@U?$error_info_injector@Vbad_lexical_cast@boost@@@exception_detail@boost@@@exception_detail@boost@@$0PPPPPPPM@A@BEPBVclone_base@23@XZ 1000ec90 f i MicroModule.obj
 0001:0000dca0       ??_E?$error_info_injector@Vbad_lexical_cast@boost@@@exception_detail@boost@@WBE@AEPAXI@Z 1000eca0 f i MicroModule.obj
 0001:0000dcb0       ??0VultureManager@@QAE@XZ  1000ecb0 f   VultureManager.obj
 0001:0000dd80       ?AddVulture@VultureManager@@QAEXPAVUnit@BWAPI@@@Z 1000ed80 f   VultureManager.obj
 0001:0000df20       ?push_back@?$vector@UVulture@@V?$allocator@UVulture@@@std@@@std@@QAEXABUVulture@@@Z 1000ef20 f i VultureManager.obj
 0001:0000dfc0       ?insert@?$vector@UVulture@@V?$allocator@UVulture@@@std@@@std@@QAE?AV?$_Vector_iterator@UVulture@@V?$allocator@UVulture@@@std@@@2@V?$_Vector_const_iterator@UVulture@@V?$allocator@UVulture@@@std@@@2@ABUVulture@@@Z 1000efc0 f i VultureManager.obj
 0001:0000e090       ?_Ufill@?$vector@UVulture@@V?$allocator@UVulture@@@std@@@std@@IAEPAUVulture@@PAU3@IABU3@@Z 1000f090 f i VultureManager.obj
 0001:0000e0c0       ?_Insert_n@?$vector@UVulture@@V?$allocator@UVulture@@@std@@@std@@IAEXV?$_Vector_const_iterator@UVulture@@V?$allocator@UVulture@@@std@@@2@IABUVulture@@@Z 1000f0c0 f i VultureManager.obj
 0001:0000e390       ?_Inc@const_iterator@?$_Tree@V?$_Tset_traits@PAVUnit@BWAPI@@U?$less@PAVUnit@BWAPI@@@std@@V?$allocator@PAVUnit@BWAPI@@@4@$0A@@std@@@std@@QAEXXZ 1000f390 f i VultureManager.obj
 0001:0000e400       ??$_Uninit_fill_n@PAUVulture@@IU1@V?$allocator@UVulture@@@std@@@std@@YAXPAUVulture@@IABU1@AAV?$allocator@UVulture@@@0@U_Nonscalar_ptr_iterator_tag@0@U_Range_checked_iterator_tag@0@@Z 1000f400 f i VultureManager.obj
 0001:0000e420       ??$_Copy_backward_opt@PAUVulture@@PAU1@@std@@YAPAUVulture@@PAU1@00Urandom_access_iterator_tag@0@U_Nonscalar_ptr_iterator_tag@0@U_Range_checked_iterator_tag@0@@Z 1000f420 f i VultureManager.obj
 0001:0000e480       ??$_Uninit_copy@PAUVulture@@PAU1@V?$allocator@UVulture@@@std@@@std@@YAPAUVulture@@PAU1@00AAV?$allocator@UVulture@@@0@U_Nonscalar_ptr_iterator_tag@0@U_Range_checked_iterator_tag@0@@Z 1000f480 f i VultureManager.obj
 0001:0000e4b0       ??0out_of_range@std@@QAE@ABV01@@Z 1000f4b0 f i WraithMicro.obj
 0001:0000e4d0       ?BWAPI_init@BWAPI@@YAXXZ   1000f4d0 f   BWAPI:BWAPI.obj
 0001:0000e520       ??0AIModule@BWAPI@@QAE@XZ  1000f520 f   BWAPI:AIModule.obj
 0001:0000e530       ??1AIModule@BWAPI@@UAE@XZ  1000f530 f   BWAPI:AIModule.obj
 0001:0000e540       ?onUnitCreate@AIModule@BWAPI@@UAEXPAVUnit@2@@Z 1000f540 f   BWAPI:AIModule.obj
 0001:0000e540       ?onUnitEvade@AIModule@BWAPI@@UAEXPAVUnit@2@@Z 1000f540 f   BWAPI:AIModule.obj
 0001:0000e540       ?onUnitMorph@AIModule@BWAPI@@UAEXPAVUnit@2@@Z 1000f540 f   BWAPI:AIModule.obj
 0001:0000e540       ?onUnitDiscover@AIModule@BWAPI@@UAEXPAVUnit@2@@Z 1000f540 f   BWAPI:AIModule.obj
 0001:0000e540       ?onUnitComplete@AIModule@BWAPI@@UAEXPAVUnit@2@@Z 1000f540 f   BWAPI:AIModule.obj
 0001:0000e540       ?onUnitRenegade@AIModule@BWAPI@@UAEXPAVUnit@2@@Z 1000f540 f   BWAPI:AIModule.obj
 0001:0000e540       ?onEnd@AIModule@BWAPI@@UAEX_N@Z 1000f540 f   BWAPI:AIModule.obj
 0001:0000e540       ?onPlayerLeft@AIModule@BWAPI@@UAEXPAVPlayer@2@@Z 1000f540 f   BWAPI:AIModule.obj
 0001:0000e540       ?onPlayerDropped@AIModule@BWAPI@@UAEXPAVPlayer@2@@Z 1000f540 f   BWAPI:AIModule.obj
 0001:0000e540       ?onUnitHide@AIModule@BWAPI@@UAEXPAVUnit@2@@Z 1000f540 f   BWAPI:AIModule.obj
 0001:0000e540       ?onUnitDestroy@AIModule@BWAPI@@UAEXPAVUnit@2@@Z 1000f540 f   BWAPI:AIModule.obj
 0001:0000e540       ?onUnitShow@AIModule@BWAPI@@UAEXPAVUnit@2@@Z 1000f540 f   BWAPI:AIModule.obj
 0001:0000e550       ?onSaveGame@AIModule@BWAPI@@UAEXV?$basic_string@DU?$char_traits@D@std@@V?$allocator@D@2@@std@@@Z 1000f550 f   BWAPI:AIModule.obj
 0001:0000e550       ?onSendText@AIModule@BWAPI@@UAEXV?$basic_string@DU?$char_traits@D@std@@V?$allocator@D@2@@std@@@Z 1000f550 f   BWAPI:AIModule.obj
 0001:0000e560       ?onReceiveText@AIModule@BWAPI@@UAEXPAVPlayer@2@V?$basic_string@DU?$char_traits@D@std@@V?$allocator@D@2@@std@@@Z 1000f560 f   BWAPI:AIModule.obj
 0001:0000e570       ?onNukeDetect@AIModule@BWAPI@@UAEXVPosition@2@@Z 1000f570 f   BWAPI:AIModule.obj
 0001:0000e580       ??_EAIModule@BWAPI@@UAEPAXI@Z 1000f580 f i BWAPI:AIModule.obj
 0001:0000e580       ??_GAIModule@BWAPI@@UAEPAXI@Z 1000f580 f i BWAPI:AIModule.obj
 0001:0000e5a0       ??0UnitType@BWAPI@@QAE@XZ  1000f5a0 f   BWAPI:UnitType.obj
 0001:0000e5b0       ?getName@UnitType@BWAPI@@QBEABV?$basic_string@DU?$char_traits@D@std@@V?$allocator@D@2@@std@@XZ 1000f5b0 f   BWAPI:UnitType.obj
 0001:0000e5d0       ?c_str@UnitType@BWAPI@@QBEPBDXZ 1000f5d0 f   BWAPI:UnitType.obj
 0001:0000e5f0       ?getRace@UnitType@BWAPI@@QBE?AVRace@2@XZ 1000f5f0 f   BWAPI:UnitType.obj
 0001:0000e610       ?maxHitPoints@UnitType@BWAPI@@QBEHXZ 1000f610 f   BWAPI:UnitType.obj
 0001:0000e630       ?maxEnergy@UnitType@BWAPI@@QBEHXZ 1000f630 f   BWAPI:UnitType.obj
 0001:0000e650       ?groundWeapon@UnitType@BWAPI@@QBE?AVWeaponType@2@XZ 1000f650 f   BWAPI:UnitType.obj
 0001:0000e670       ?airWeapon@UnitType@BWAPI@@QBE?AVWeaponType@2@XZ 1000f670 f   BWAPI:UnitType.obj
 0001:0000e690       ?isFlyer@UnitType@BWAPI@@QBE_NXZ 1000f690 f   BWAPI:UnitType.obj
 0001:0000e6b0       ?isOrganic@UnitType@BWAPI@@QBE_NXZ 1000f6b0 f   BWAPI:UnitType.obj
 0001:0000e6d0       ?isMechanical@UnitType@BWAPI@@QBE_NXZ 1000f6d0 f   BWAPI:UnitType.obj
 0001:0000e6f0       ?isBuilding@UnitType@BWAPI@@QBE_NXZ 1000f6f0 f   BWAPI:UnitType.obj
 0001:0000e710       ?allUnitTypes@UnitTypes@BWAPI@@YAABV?$set@VUnitType@BWAPI@@U?$less@VUnitType@BWAPI@@@std@@V?$allocator@VUnitType@BWAPI@@@4@@std@@XZ 1000f710 f   BWAPI:UnitType.obj
 0001:0000e720       ?_Max@?$_Tree@V?$_Tmap_traits@VUnitType@BWAPI@@HU?$less@VUnitType@BWAPI@@@std@@V?$allocator@U?$pair@$$CBVUnitType@BWAPI@@H@std@@@4@$0A@@std@@@std@@KAPAU_Node@?$_Tree_nod@V?$_Tmap_traits@VUnitType@BWAPI@@HU?$less@VUnitType@BWAPI@@@std@@V?$allocator@U?$pair@$$CBVUnitType@BWAPI@@H@std@@@4@$0A@@std@@@2@PAU342@@Z 1000f720 f i BWAPI:UnitType.obj
 0001:0000e740       ?_Min@?$_Tree@V?$_Tmap_traits@VUnitType@BWAPI@@HU?$less@VUnitType@BWAPI@@@std@@V?$allocator@U?$pair@$$CBVUnitType@BWAPI@@H@std@@@4@$0A@@std@@@std@@KAPAU_Node@?$_Tree_nod@V?$_Tmap_traits@VUnitType@BWAPI@@HU?$less@VUnitType@BWAPI@@@std@@V?$allocator@U?$pair@$$CBVUnitType@BWAPI@@H@std@@@4@$0A@@std@@@2@PAU342@@Z 1000f740 f i BWAPI:UnitType.obj
 0001:0000e760       ?_Inc@const_iterator@?$_Tree@V?$_Tmap_traits@VUnitType@BWAPI@@HU?$less@VUnitType@BWAPI@@@std@@V?$allocator@U?$pair@$$CBVUnitType@BWAPI@@H@std@@@4@$0A@@std@@@std@@QAEXXZ 1000f760 f i BWAPI:UnitType.obj
 0001:0000e7d0       ?_Inc@const_iterator@?$_Tree@V?$_Tset_traits@VOrder@BWAPI@@U?$less@VOrder@BWAPI@@@std@@V?$allocator@VOrder@BWAPI@@@4@$0A@@std@@@std@@QAEXXZ 1000f7d0 f i BWAPI:Order.obj
 0001:0000e7d0       ?_Inc@const_iterator@?$_Tree@V?$_Tset_traits@VWeaponType@BWAPI@@U?$less@VWeaponType@BWAPI@@@std@@V?$allocator@VWeaponType@BWAPI@@@4@$0A@@std@@@std@@QAEXXZ 1000f7d0 f i BWAPI:WeaponType.obj
 0001:0000e7d0       ?_Inc@const_iterator@?$_Tree@V?$_Tset_traits@VBulletType@BWAPI@@U?$less@VBulletType@BWAPI@@@std@@V?$allocator@VBulletType@BWAPI@@@4@$0A@@std@@@std@@QAEXXZ 1000f7d0 f i BWAPI:BulletType.obj
 0001:0000e7d0       ?_Inc@const_iterator@?$_Tree@V?$_Tset_traits@VUpgradeType@BWAPI@@U?$less@VUpgradeType@BWAPI@@@std@@V?$allocator@VUpgradeType@BWAPI@@@4@$0A@@std@@@std@@QAEXXZ 1000f7d0 f i BWAPI:UnitType.obj
 0001:0000e7d0       ?_Inc@const_iterator@?$_Tree@V?$_Tset_traits@VUnitSizeType@BWAPI@@U?$less@VUnitSizeType@BWAPI@@@std@@V?$allocator@VUnitSizeType@BWAPI@@@4@$0A@@std@@@std@@QAEXXZ 1000f7d0 f i BWAPI:UnitSizeType.obj
 0001:0000e7d0       ?_Inc@const_iterator@?$_Tree@V?$_Tset_traits@VRace@BWAPI@@U?$less@VRace@BWAPI@@@std@@V?$allocator@VRace@BWAPI@@@4@$0A@@std@@@std@@QAEXXZ 1000f7d0 f i BWAPI:Race.obj
 0001:0000e7d0       ?_Inc@const_iterator@?$_Tree@V?$_Tset_traits@VGameType@BWAPI@@U?$less@VGameType@BWAPI@@@std@@V?$allocator@VGameType@BWAPI@@@4@$0A@@std@@@std@@QAEXXZ 1000f7d0 f i BWAPI:GameType.obj
 0001:0000e7d0       ?_Inc@const_iterator@?$_Tree@V?$_Tset_traits@VPlayerType@BWAPI@@U?$less@VPlayerType@BWAPI@@@std@@V?$allocator@VPlayerType@BWAPI@@@4@$0A@@std@@@std@@QAEXXZ 1000f7d0 f i BWAPI:PlayerType.obj
 0001:0000e7d0       ?_Inc@const_iterator@?$_Tree@V?$_Tset_traits@VExplosionType@BWAPI@@U?$less@VExplosionType@BWAPI@@@std@@V?$allocator@VExplosionType@BWAPI@@@4@$0A@@std@@@std@@QAEXXZ 1000f7d0 f i BWAPI:ExplosionType.obj
 0001:0000e7d0       ?_Inc@const_iterator@?$_Tree@V?$_Tset_traits@VTechType@BWAPI@@U?$less@VTechType@BWAPI@@@std@@V?$allocator@VTechType@BWAPI@@@4@$0A@@std@@@std@@QAEXXZ 1000f7d0 f i BWAPI:UnitType.obj
 0001:0000e7d0       ?_Inc@const_iterator@?$_Tree@V?$_Tset_traits@VDamageType@BWAPI@@U?$less@VDamageType@BWAPI@@@std@@V?$allocator@VDamageType@BWAPI@@@4@$0A@@std@@@std@@QAEXXZ 1000f7d0 f i BWAPI:DamageType.obj
 0001:0000e7d0       ?_Inc@const_iterator@?$_Tree@V?$_Tset_traits@VError@BWAPI@@U?$less@VError@BWAPI@@@std@@V?$allocator@VError@BWAPI@@@4@$0A@@std@@@std@@QAEXXZ 1000f7d0 f i BWAPI:Error.obj
 0001:0000e7d0       ?_Inc@const_iterator@?$_Tree@V?$_Tset_traits@VUnitCommandType@BWAPI@@U?$less@VUnitCommandType@BWAPI@@@std@@V?$allocator@VUnitCommandType@BWAPI@@@4@$0A@@std@@@std@@QAEXXZ 1000f7d0 f i BWAPI:UnitCommandType.obj
 0001:0000e840       ?_Lrotate@?$_Tree@V?$_Tmap_traits@VUnitType@BWAPI@@HU?$less@VUnitType@BWAPI@@@std@@V?$allocator@U?$pair@$$CBVUnitType@BWAPI@@H@std@@@4@$0A@@std@@@std@@IAEXPAU_Node@?$_Tree_nod@V?$_Tmap_traits@VUnitType@BWAPI@@HU?$less@VUnitType@BWAPI@@@std@@V?$allocator@U?$pair@$$CBVUnitType@BWAPI@@H@std@@@4@$0A@@std@@@2@@Z 1000f840 f i BWAPI:UnitType.obj
 0001:0000e890       ?_Rrotate@?$_Tree@V?$_Tmap_traits@VUnitType@BWAPI@@HU?$less@VUnitType@BWAPI@@@std@@V?$allocator@U?$pair@$$CBVUnitType@BWAPI@@H@std@@@4@$0A@@std@@@std@@IAEXPAU_Node@?$_Tree_nod@V?$_Tmap_traits@VUnitType@BWAPI@@HU?$less@VUnitType@BWAPI@@@std@@V?$allocator@U?$pair@$$CBVUnitType@BWAPI@@H@std@@@4@$0A@@std@@@2@@Z 1000f890 f i BWAPI:UnitType.obj
 0001:0000e8f0       ?_Lbound@?$_Tree@V?$_Tset_traits@VTechType@BWAPI@@U?$less@VTechType@BWAPI@@@std@@V?$allocator@VTechType@BWAPI@@@4@$0A@@std@@@std@@IBEPAU_Node@?$_Tree_nod@V?$_Tset_traits@VTechType@BWAPI@@U?$less@VTechType@BWAPI@@@std@@V?$allocator@VTechType@BWAPI@@@4@$0A@@std@@@2@ABVTechType@BWAPI@@@Z 1000f8f0 f i BWAPI:UnitType.obj
 0001:0000e940       ?_Rrotate@?$_Tree@V?$_Tset_traits@VUnitCommandType@BWAPI@@U?$less@VUnitCommandType@BWAPI@@@std@@V?$allocator@VUnitCommandType@BWAPI@@@4@$0A@@std@@@std@@IAEXPAU_Node@?$_Tree_nod@V?$_Tset_traits@VUnitCommandType@BWAPI@@U?$less@VUnitCommandType@BWAPI@@@std@@V?$allocator@VUnitCommandType@BWAPI@@@4@$0A@@std@@@2@@Z 1000f940 f i BWAPI:UnitCommandType.obj
 0001:0000e940       ?_Rrotate@?$_Tree@V?$_Tset_traits@VTechType@BWAPI@@U?$less@VTechType@BWAPI@@@std@@V?$allocator@VTechType@BWAPI@@@4@$0A@@std@@@std@@IAEXPAU_Node@?$_Tree_nod@V?$_Tset_traits@VTechType@BWAPI@@U?$less@VTechType@BWAPI@@@std@@V?$allocator@VTechType@BWAPI@@@4@$0A@@std@@@2@@Z 1000f940 f i BWAPI:UnitType.obj
 0001:0000e940       ?_Rrotate@?$_Tree@V?$_Tset_traits@VDamageType@BWAPI@@U?$less@VDamageType@BWAPI@@@std@@V?$allocator@VDamageType@BWAPI@@@4@$0A@@std@@@std@@IAEXPAU_Node@?$_Tree_nod@V?$_Tset_traits@VDamageType@BWAPI@@U?$less@VDamageType@BWAPI@@@std@@V?$allocator@VDamageType@BWAPI@@@4@$0A@@std@@@2@@Z 1000f940 f i BWAPI:DamageType.obj
 0001:0000e940       ?_Rrotate@?$_Tree@V?$_Tset_traits@VWeaponType@BWAPI@@U?$less@VWeaponType@BWAPI@@@std@@V?$allocator@VWeaponType@BWAPI@@@4@$0A@@std@@@std@@IAEXPAU_Node@?$_Tree_nod@V?$_Tset_traits@VWeaponType@BWAPI@@U?$less@VWeaponType@BWAPI@@@std@@V?$allocator@VWeaponType@BWAPI@@@4@$0A@@std@@@2@@Z 1000f940 f i BWAPI:WeaponType.obj
 0001:0000e940       ?_Rrotate@?$_Tree@V?$_Tset_traits@VRace@BWAPI@@U?$less@VRace@BWAPI@@@std@@V?$allocator@VRace@BWAPI@@@4@$0A@@std@@@std@@IAEXPAU_Node@?$_Tree_nod@V?$_Tset_traits@VRace@BWAPI@@U?$less@VRace@BWAPI@@@std@@V?$allocator@VRace@BWAPI@@@4@$0A@@std@@@2@@Z 1000f940 f i BWAPI:Race.obj
 0001:0000e940       ?_Rrotate@?$_Tree@V?$_Tset_traits@VUnitType@BWAPI@@U?$less@VUnitType@BWAPI@@@std@@V?$allocator@VUnitType@BWAPI@@@4@$0A@@std@@@std@@IAEXPAU_Node@?$_Tree_nod@V?$_Tset_traits@VUnitType@BWAPI@@U?$less@VUnitType@BWAPI@@@std@@V?$allocator@VUnitType@BWAPI@@@4@$0A@@std@@@2@@Z 1000f940 f i BWAPI:UnitType.obj
 0001:0000e940       ?_Rrotate@?$_Tree@V?$_Tset_traits@VExplosionType@BWAPI@@U?$less@VExplosionType@BWAPI@@@std@@V?$allocator@VExplosionType@BWAPI@@@4@$0A@@std@@@std@@IAEXPAU_Node@?$_Tree_nod@V?$_Tset_traits@VExplosionType@BWAPI@@U?$less@VExplosionType@BWAPI@@@std@@V?$allocator@VExplosionType@BWAPI@@@4@$0A@@std@@@2@@Z 1000f940 f i BWAPI:ExplosionType.obj
 0001:0000e940       ?_Rrotate@?$_Tree@V?$_Tset_traits@VPlayerType@BWAPI@@U?$less@VPlayerType@BWAPI@@@std@@V?$allocator@VPlayerType@BWAPI@@@4@$0A@@std@@@std@@IAEXPAU_Node@?$_Tree_nod@V?$_Tset_traits@VPlayerType@BWAPI@@U?$less@VPlayerType@BWAPI@@@std@@V?$allocator@VPlayerType@BWAPI@@@4@$0A@@std@@@2@@Z 1000f940 f i BWAPI:PlayerType.obj
 0001:0000e940       ?_Rrotate@?$_Tree@V?$_Tset_traits@VGameType@BWAPI@@U?$less@VGameType@BWAPI@@@std@@V?$allocator@VGameType@BWAPI@@@4@$0A@@std@@@std@@IAEXPAU_Node@?$_Tree_nod@V?$_Tset_traits@VGameType@BWAPI@@U?$less@VGameType@BWAPI@@@std@@V?$allocator@VGameType@BWAPI@@@4@$0A@@std@@@2@@Z 1000f940 f i BWAPI:GameType.obj
 0001:0000e940       ?_Rrotate@?$_Tree@V?$_Tset_traits@VUnitSizeType@BWAPI@@U?$less@VUnitSizeType@BWAPI@@@std@@V?$allocator@VUnitSizeType@BWAPI@@@4@$0A@@std@@@std@@IAEXPAU_Node@?$_Tree_nod@V?$_Tset_traits@VUnitSizeType@BWAPI@@U?$less@VUnitSizeType@BWAPI@@@std@@V?$allocator@VUnitSizeType@BWAPI@@@4@$0A@@std@@@2@@Z 1000f940 f i BWAPI:UnitSizeType.obj
 0001:0000e940       ?_Rrotate@?$_Tree@V?$_Tset_traits@VError@BWAPI@@U?$less@VError@BWAPI@@@std@@V?$allocator@VError@BWAPI@@@4@$0A@@std@@@std@@IAEXPAU_Node@?$_Tree_nod@V?$_Tset_traits@VError@BWAPI@@U?$less@VError@BWAPI@@@std@@V?$allocator@VError@BWAPI@@@4@$0A@@std@@@2@@Z 1000f940 f i BWAPI:Error.obj
 0001:0000e940       ?_Rrotate@?$_Tree@V?$_Tset_traits@VBulletType@BWAPI@@U?$less@VBulletType@BWAPI@@@std@@V?$allocator@VBulletType@BWAPI@@@4@$0A@@std@@@std@@IAEXPAU_Node@?$_Tree_nod@V?$_Tset_traits@VBulletType@BWAPI@@U?$less@VBulletType@BWAPI@@@std@@V?$allocator@VBulletType@BWAPI@@@4@$0A@@std@@@2@@Z 1000f940 f i BWAPI:BulletType.obj
 0001:0000e940       ?_Rrotate@?$_Tree@V?$_Tset_traits@VOrder@BWAPI@@U?$less@VOrder@BWAPI@@@std@@V?$allocator@VOrder@BWAPI@@@4@$0A@@std@@@std@@IAEXPAU_Node@?$_Tree_nod@V?$_Tset_traits@VOrder@BWAPI@@U?$less@VOrder@BWAPI@@@std@@V?$allocator@VOrder@BWAPI@@@4@$0A@@std@@@2@@Z 1000f940 f i BWAPI:Order.obj
 0001:0000e940       ?_Rrotate@?$_Tree@V?$_Tset_traits@VUpgradeType@BWAPI@@U?$less@VUpgradeType@BWAPI@@@std@@V?$allocator@VUpgradeType@BWAPI@@@4@$0A@@std@@@std@@IAEXPAU_Node@?$_Tree_nod@V?$_Tset_traits@VUpgradeType@BWAPI@@U?$less@VUpgradeType@BWAPI@@@std@@V?$allocator@VUpgradeType@BWAPI@@@4@$0A@@std@@@2@@Z 1000f940 f i BWAPI:UnitType.obj
 0001:0000e9a0       ?_Dec@const_iterator@?$_Tree@V?$_Tmap_traits@VUnitType@BWAPI@@HU?$less@VUnitType@BWAPI@@@std@@V?$allocator@U?$pair@$$CBVUnitType@BWAPI@@H@std@@@4@$0A@@std@@@std@@QAEXXZ 1000f9a0 f i BWAPI:UnitType.obj
 0001:0000ea30       ?_Buynode@?$_Tree@V?$_Tmap_traits@VUnitType@BWAPI@@HU?$less@VUnitType@BWAPI@@@std@@V?$allocator@U?$pair@$$CBVUnitType@BWAPI@@H@std@@@4@$0A@@std@@@std@@IAEPAU_Node@?$_Tree_nod@V?$_Tmap_traits@VUnitType@BWAPI@@HU?$less@VUnitType@BWAPI@@@std@@V?$allocator@U?$pair@$$CBVUnitType@BWAPI@@H@std@@@4@$0A@@std@@@2@PAU342@00ABU?$pair@$$CBVUnitType@BWAPI@@H@2@D@Z 1000fa30 f i BWAPI:UnitType.obj
 0001:0000ea70       ?_Buynode@?$_Tree@V?$_Tmap_traits@VUnitType@BWAPI@@HU?$less@VUnitType@BWAPI@@@std@@V?$allocator@U?$pair@$$CBVUnitType@BWAPI@@H@std@@@4@$0A@@std@@@std@@IAEPAU_Node@?$_Tree_nod@V?$_Tmap_traits@VUnitType@BWAPI@@HU?$less@VUnitType@BWAPI@@@std@@V?$allocator@U?$pair@$$CBVUnitType@BWAPI@@H@std@@@4@$0A@@std@@@2@XZ 1000fa70 f i BWAPI:UnitType.obj
 0001:0000eab0       ?erase@?$_Tree@V?$_Tset_traits@VUnitType@BWAPI@@U?$less@VUnitType@BWAPI@@@std@@V?$allocator@VUnitType@BWAPI@@@4@$0A@@std@@@std@@QAE?AViterator@12@Vconst_iterator@12@@Z 1000fab0 f i BWAPI:UnitType.obj
 0001:0000ed80       ?_Erase@?$_Tree@V?$_Tmap_traits@VUnitType@BWAPI@@HU?$less@VUnitType@BWAPI@@@std@@V?$allocator@U?$pair@$$CBVUnitType@BWAPI@@H@std@@@4@$0A@@std@@@std@@IAEXPAU_Node@?$_Tree_nod@V?$_Tmap_traits@VUnitType@BWAPI@@HU?$less@VUnitType@BWAPI@@@std@@V?$allocator@U?$pair@$$CBVUnitType@BWAPI@@H@std@@@4@$0A@@std@@@2@@Z 1000fd80 f i BWAPI:UnitType.obj
 0001:0000edc0       ?_Insert@?$_Tree@V?$_Tset_traits@VExplosionType@BWAPI@@U?$less@VExplosionType@BWAPI@@@std@@V?$allocator@VExplosionType@BWAPI@@@4@$0A@@std@@@std@@IAE?AViterator@12@_NPAU_Node@?$_Tree_nod@V?$_Tset_traits@VExplosionType@BWAPI@@U?$less@VExplosionType@BWAPI@@@std@@V?$allocator@VExplosionType@BWAPI@@@4@$0A@@std@@@2@ABVExplosionType@BWAPI@@@Z 1000fdc0 f i BWAPI:ExplosionType.obj
 0001:0000edc0       ?_Insert@?$_Tree@V?$_Tset_traits@VError@BWAPI@@U?$less@VError@BWAPI@@@std@@V?$allocator@VError@BWAPI@@@4@$0A@@std@@@std@@IAE?AViterator@12@_NPAU_Node@?$_Tree_nod@V?$_Tset_traits@VError@BWAPI@@U?$less@VError@BWAPI@@@std@@V?$allocator@VError@BWAPI@@@4@$0A@@std@@@2@ABVError@BWAPI@@@Z 1000fdc0 f i BWAPI:Error.obj
 0001:0000edc0       ?_Insert@?$_Tree@V?$_Tset_traits@VTechType@BWAPI@@U?$less@VTechType@BWAPI@@@std@@V?$allocator@VTechType@BWAPI@@@4@$0A@@std@@@std@@IAE?AViterator@12@_NPAU_Node@?$_Tree_nod@V?$_Tset_traits@VTechType@BWAPI@@U?$less@VTechType@BWAPI@@@std@@V?$allocator@VTechType@BWAPI@@@4@$0A@@std@@@2@ABVTechType@BWAPI@@@Z 1000fdc0 f i BWAPI:UnitType.obj
 0001:0000edc0       ?_Insert@?$_Tree@V?$_Tset_traits@VBulletType@BWAPI@@U?$less@VBulletType@BWAPI@@@std@@V?$allocator@VBulletType@BWAPI@@@4@$0A@@std@@@std@@IAE?AViterator@12@_NPAU_Node@?$_Tree_nod@V?$_Tset_traits@VBulletType@BWAPI@@U?$less@VBulletType@BWAPI@@@std@@V?$allocator@VBulletType@BWAPI@@@4@$0A@@std@@@2@ABVBulletType@BWAPI@@@Z 1000fdc0 f i BWAPI:BulletType.obj
 0001:0000edc0       ?_Insert@?$_Tree@V?$_Tset_traits@VRace@BWAPI@@U?$less@VRace@BWAPI@@@std@@V?$allocator@VRace@BWAPI@@@4@$0A@@std@@@std@@IAE?AViterator@12@_NPAU_Node@?$_Tree_nod@V?$_Tset_traits@VRace@BWAPI@@U?$less@VRace@BWAPI@@@std@@V?$allocator@VRace@BWAPI@@@4@$0A@@std@@@2@ABVRace@BWAPI@@@Z 1000fdc0 f i BWAPI:Race.obj
 0001:0000edc0       ?_Insert@?$_Tree@V?$_Tset_traits@VUpgradeType@BWAPI@@U?$less@VUpgradeType@BWAPI@@@std@@V?$allocator@VUpgradeType@BWAPI@@@4@$0A@@std@@@std@@IAE?AViterator@12@_NPAU_Node@?$_Tree_nod@V?$_Tset_traits@VUpgradeType@BWAPI@@U?$less@VUpgradeType@BWAPI@@@std@@V?$allocator@VUpgradeType@BWAPI@@@4@$0A@@std@@@2@ABVUpgradeType@BWAPI@@@Z 1000fdc0 f i BWAPI:UnitType.obj
 0001:0000edc0       ?_Insert@?$_Tree@V?$_Tset_traits@VUnitType@BWAPI@@U?$less@VUnitType@BWAPI@@@std@@V?$allocator@VUnitType@BWAPI@@@4@$0A@@std@@@std@@IAE?AViterator@12@_NPAU_Node@?$_Tree_nod@V?$_Tset_traits@VUnitType@BWAPI@@U?$less@VUnitType@BWAPI@@@std@@V?$allocator@VUnitType@BWAPI@@@4@$0A@@std@@@2@ABVUnitType@BWAPI@@@Z 1000fdc0 f i BWAPI:UnitType.obj
 0001:0000edc0       ?_Insert@?$_Tree@V?$_Tset_traits@VDamageType@BWAPI@@U?$less@VDamageType@BWAPI@@@std@@V?$allocator@VDamageType@BWAPI@@@4@$0A@@std@@@std@@IAE?AViterator@12@_NPAU_Node@?$_Tree_nod@V?$_Tset_traits@VDamageType@BWAPI@@U?$less@VDamageType@BWAPI@@@std@@V?$allocator@VDamageType@BWAPI@@@4@$0A@@std@@@2@ABVDamageType@BWAPI@@@Z 1000fdc0 f i BWAPI:DamageType.obj
 0001:0000edc0       ?_Insert@?$_Tree@V?$_Tset_traits@VUnitSizeType@BWAPI@@U?$less@VUnitSizeType@BWAPI@@@std@@V?$allocator@VUnitSizeType@BWAPI@@@4@$0A@@std@@@std@@IAE?AViterator@12@_NPAU_Node@?$_Tree_nod@V?$_Tset_traits@VUnitSizeType@BWAPI@@U?$less@VUnitSizeType@BWAPI@@@std@@V?$allocator@VUnitSizeType@BWAPI@@@4@$0A@@std@@@2@ABVUnitSizeType@BWAPI@@@Z 1000fdc0 f i BWAPI:UnitSizeType.obj
 0001:0000edc0       ?_Insert@?$_Tree@V?$_Tset_traits@VUnitCommandType@BWAPI@@U?$less@VUnitCommandType@BWAPI@@@std@@V?$allocator@VUnitCommandType@BWAPI@@@4@$0A@@std@@@std@@IAE?AViterator@12@_NPAU_Node@?$_Tree_nod@V?$_Tset_traits@VUnitCommandType@BWAPI@@U?$less@VUnitCommandType@BWAPI@@@std@@V?$allocator@VUnitCommandType@BWAPI@@@4@$0A@@std@@@2@ABVUnitCommandType@BWAPI@@@Z 1000fdc0 f i BWAPI:UnitCommandType.obj
 0001:0000edc0       ?_Insert@?$_Tree@V?$_Tset_traits@VWeaponType@BWAPI@@U?$less@VWeaponType@BWAPI@@@std@@V?$allocator@VWeaponType@BWAPI@@@4@$0A@@std@@@std@@IAE?AViterator@12@_NPAU_Node@?$_Tree_nod@V?$_Tset_traits@VWeaponType@BWAPI@@U?$less@VWeaponType@BWAPI@@@std@@V?$allocator@VWeaponType@BWAPI@@@4@$0A@@std@@@2@ABVWeaponType@BWAPI@@@Z 1000fdc0 f i BWAPI:WeaponType.obj
 0001:0000edc0       ?_Insert@?$_Tree@V?$_Tset_traits@VOrder@BWAPI@@U?$less@VOrder@BWAPI@@@std@@V?$allocator@VOrder@BWAPI@@@4@$0A@@std@@@std@@IAE?AViterator@12@_NPAU_Node@?$_Tree_nod@V?$_Tset_traits@VOrder@BWAPI@@U?$less@VOrder@BWAPI@@@std@@V?$allocator@VOrder@BWAPI@@@4@$0A@@std@@@2@ABVOrder@BWAPI@@@Z 1000fdc0 f i BWAPI:Order.obj
 0001:0000edc0       ?_Insert@?$_Tree@V?$_Tset_traits@VGameType@BWAPI@@U?$less@VGameType@BWAPI@@@std@@V?$allocator@VGameType@BWAPI@@@4@$0A@@std@@@std@@IAE?AViterator@12@_NPAU_Node@?$_Tree_nod@V?$_Tset_traits@VGameType@BWAPI@@U?$less@VGameType@BWAPI@@@std@@V?$allocator@VGameType@BWAPI@@@4@$0A@@std@@@2@ABVGameType@BWAPI@@@Z 1000fdc0 f i BWAPI:GameType.obj
 0001:0000edc0       ?_Insert@?$_Tree@V?$_Tset_traits@VPlayerType@BWAPI@@U?$less@VPlayerType@BWAPI@@@std@@V?$allocator@VPlayerType@BWAPI@@@4@$0A@@std@@@std@@IAE?AViterator@12@_NPAU_Node@?$_Tree_nod@V?$_Tset_traits@VPlayerType@BWAPI@@U?$less@VPlayerType@BWAPI@@@std@@V?$allocator@VPlayerType@BWAPI@@@4@$0A@@std@@@2@ABVPlayerType@BWAPI@@@Z 1000fdc0 f i BWAPI:PlayerType.obj
 0001:0000efc0       ?erase@?$_Tree@V?$_Tmap_traits@VUnitType@BWAPI@@HU?$less@VUnitType@BWAPI@@@std@@V?$allocator@U?$pair@$$CBVUnitType@BWAPI@@H@std@@@4@$0A@@std@@@std@@QAE?AViterator@12@Vconst_iterator@12@@Z 1000ffc0 f i BWAPI:UnitType.obj
 0001:0000f290       ?insert@?$_Tree@V?$_Tset_traits@VError@BWAPI@@U?$less@VError@BWAPI@@@std@@V?$allocator@VError@BWAPI@@@4@$0A@@std@@@std@@QAE?AU?$pair@Viterator@?$_Tree@V?$_Tset_traits@VError@BWAPI@@U?$less@VError@BWAPI@@@std@@V?$allocator@VError@BWAPI@@@4@$0A@@std@@@std@@_N@2@ABVError@BWAPI@@@Z 10010290 f i BWAPI:Error.obj
 0001:0000f290       ?insert@?$_Tree@V?$_Tset_traits@VBulletType@BWAPI@@U?$less@VBulletType@BWAPI@@@std@@V?$allocator@VBulletType@BWAPI@@@4@$0A@@std@@@std@@QAE?AU?$pair@Viterator@?$_Tree@V?$_Tset_traits@VBulletType@BWAPI@@U?$less@VBulletType@BWAPI@@@std@@V?$allocator@VBulletType@BWAPI@@@4@$0A@@std@@@std@@_N@2@ABVBulletType@BWAPI@@@Z 10010290 f i BWAPI:BulletType.obj
 0001:0000f290       ?insert@?$_Tree@V?$_Tset_traits@VExplosionType@BWAPI@@U?$less@VExplosionType@BWAPI@@@std@@V?$allocator@VExplosionType@BWAPI@@@4@$0A@@std@@@std@@QAE?AU?$pair@Viterator@?$_Tree@V?$_Tset_traits@VExplosionType@BWAPI@@U?$less@VExplosionType@BWAPI@@@std@@V?$allocator@VExplosionType@BWAPI@@@4@$0A@@std@@@std@@_N@2@ABVExplosionType@BWAPI@@@Z 10010290 f i BWAPI:ExplosionType.obj
 0001:0000f290       ?insert@?$_Tree@V?$_Tset_traits@VOrder@BWAPI@@U?$less@VOrder@BWAPI@@@std@@V?$allocator@VOrder@BWAPI@@@4@$0A@@std@@@std@@QAE?AU?$pair@Viterator@?$_Tree@V?$_Tset_traits@VOrder@BWAPI@@U?$less@VOrder@BWAPI@@@std@@V?$allocator@VOrder@BWAPI@@@4@$0A@@std@@@std@@_N@2@ABVOrder@BWAPI@@@Z 10010290 f i BWAPI:Order.obj
 0001:0000f290       ?insert@?$_Tree@V?$_Tset_traits@VRace@BWAPI@@U?$less@VRace@BWAPI@@@std@@V?$allocator@VRace@BWAPI@@@4@$0A@@std@@@std@@QAE?AU?$pair@Viterator@?$_Tree@V?$_Tset_traits@VRace@BWAPI@@U?$less@VRace@BWAPI@@@std@@V?$allocator@VRace@BWAPI@@@4@$0A@@std@@@std@@_N@2@ABVRace@BWAPI@@@Z 10010290 f i BWAPI:Race.obj
 0001:0000f290       ?insert@?$_Tree@V?$_Tset_traits@VUnitType@BWAPI@@U?$less@VUnitType@BWAPI@@@std@@V?$allocator@VUnitType@BWAPI@@@4@$0A@@std@@@std@@QAE?AU?$pair@Viterator@?$_Tree@V?$_Tset_traits@VUnitType@BWAPI@@U?$less@VUnitType@BWAPI@@@std@@V?$allocator@VUnitType@BWAPI@@@4@$0A@@std@@@std@@_N@2@ABVUnitType@BWAPI@@@Z 10010290 f i BWAPI:UnitType.obj
 0001:0000f290       ?insert@?$_Tree@V?$_Tset_traits@VUpgradeType@BWAPI@@U?$less@VUpgradeType@BWAPI@@@std@@V?$allocator@VUpgradeType@BWAPI@@@4@$0A@@std@@@std@@QAE?AU?$pair@Viterator@?$_Tree@V?$_Tset_traits@VUpgradeType@BWAPI@@U?$less@VUpgradeType@BWAPI@@@std@@V?$allocator@VUpgradeType@BWAPI@@@4@$0A@@std@@@std@@_N@2@ABVUpgradeType@BWAPI@@@Z 10010290 f i BWAPI:UnitType.obj
 0001:0000f290       ?insert@?$_Tree@V?$_Tset_traits@VWeaponType@BWAPI@@U?$less@VWeaponType@BWAPI@@@std@@V?$allocator@VWeaponType@BWAPI@@@4@$0A@@std@@@std@@QAE?AU?$pair@Viterator@?$_Tree@V?$_Tset_traits@VWeaponType@BWAPI@@U?$less@VWeaponType@BWAPI@@@std@@V?$allocator@VWeaponType@BWAPI@@@4@$0A@@std@@@std@@_N@2@ABVWeaponType@BWAPI@@@Z 10010290 f i BWAPI:WeaponType.obj
 0001:0000f290       ?insert@?$_Tree@V?$_Tset_traits@VPlayerType@BWAPI@@U?$less@VPlayerType@BWAPI@@@std@@V?$allocator@VPlayerType@BWAPI@@@4@$0A@@std@@@std@@QAE?AU?$pair@Viterator@?$_Tree@V?$_Tset_traits@VPlayerType@BWAPI@@U?$less@VPlayerType@BWAPI@@@std@@V?$allocator@VPlayerType@BWAPI@@@4@$0A@@std@@@std@@_N@2@ABVPlayerType@BWAPI@@@Z 10010290 f i BWAPI:PlayerType.obj
 0001:0000f290       ?insert@?$_Tree@V?$_Tset_traits@VDamageType@BWAPI@@U?$less@VDamageType@BWAPI@@@std@@V?$allocator@VDamageType@BWAPI@@@4@$0A@@std@@@std@@QAE?AU?$pair@Viterator@?$_Tree@V?$_Tset_traits@VDamageType@BWAPI@@U?$less@VDamageType@BWAPI@@@std@@V?$allocator@VDamageType@BWAPI@@@4@$0A@@std@@@std@@_N@2@ABVDamageType@BWAPI@@@Z 10010290 f i BWAPI:DamageType.obj
 0001:0000f290       ?insert@?$_Tree@V?$_Tset_traits@VTechType@BWAPI@@U?$less@VTechType@BWAPI@@@std@@V?$allocator@VTechType@BWAPI@@@4@$0A@@std@@@std@@QAE?AU?$pair@Viterator@?$_Tree@V?$_Tset_traits@VTechType@BWAPI@@U?$less@VTechType@BWAPI@@@std@@V?$allocator@VTechType@BWAPI@@@4@$0A@@std@@@std@@_N@2@ABVTechType@BWAPI@@@Z 10010290 f i BWAPI:UnitType.obj
 0001:0000f290       ?insert@?$_Tree@V?$_Tset_traits@VUnitCommandType@BWAPI@@U?$less@VUnitCommandType@BWAPI@@@std@@V?$allocator@VUnitCommandType@BWAPI@@@4@$0A@@std@@@std@@QAE?AU?$pair@Viterator@?$_Tree@V?$_Tset_traits@VUnitCommandType@BWAPI@@U?$less@VUnitCommandType@BWAPI@@@std@@V?$allocator@VUnitCommandType@BWAPI@@@4@$0A@@std@@@std@@_N@2@ABVUnitCommandType@BWAPI@@@Z 10010290 f i BWAPI:UnitCommandType.obj
 0001:0000f290       ?insert@?$_Tree@V?$_Tset_traits@VUnitSizeType@BWAPI@@U?$less@VUnitSizeType@BWAPI@@@std@@V?$allocator@VUnitSizeType@BWAPI@@@4@$0A@@std@@@std@@QAE?AU?$pair@Viterator@?$_Tree@V?$_Tset_traits@VUnitSizeType@BWAPI@@U?$less@VUnitSizeType@BWAPI@@@std@@V?$allocator@VUnitSizeType@BWAPI@@@4@$0A@@std@@@std@@_N@2@ABVUnitSizeType@BWAPI@@@Z 10010290 f i BWAPI:UnitSizeType.obj
 0001:0000f290       ?insert@?$_Tree@V?$_Tset_traits@VGameType@BWAPI@@U?$less@VGameType@BWAPI@@@std@@V?$allocator@VGameType@BWAPI@@@4@$0A@@std@@@std@@QAE?AU?$pair@Viterator@?$_Tree@V?$_Tset_traits@VGameType@BWAPI@@U?$less@VGameType@BWAPI@@@std@@V?$allocator@VGameType@BWAPI@@@4@$0A@@std@@@std@@_N@2@ABVGameType@BWAPI@@@Z 10010290 f i BWAPI:GameType.obj
 0001:0000f3b0       ?_Insert@?$_Tree@V?$_Tmap_traits@VUnitType@BWAPI@@HU?$less@VUnitType@BWAPI@@@std@@V?$allocator@U?$pair@$$CBVUnitType@BWAPI@@H@std@@@4@$0A@@std@@@std@@IAE?AViterator@12@_NPAU_Node@?$_Tree_nod@V?$_Tmap_traits@VUnitType@BWAPI@@HU?$less@VUnitType@BWAPI@@@std@@V?$allocator@U?$pair@$$CBVUnitType@BWAPI@@H@std@@@4@$0A@@std@@@2@ABU?$pair@$$CBVUnitType@BWAPI@@H@2@@Z 100103b0 f i BWAPI:UnitType.obj
 0001:0000f5b0       ?erase@?$_Tree@V?$_Tmap_traits@VUnitType@BWAPI@@HU?$less@VUnitType@BWAPI@@@std@@V?$allocator@U?$pair@$$CBVUnitType@BWAPI@@H@std@@@4@$0A@@std@@@std@@QAE?AViterator@12@Vconst_iterator@12@0@Z 100105b0 f i BWAPI:UnitType.obj
 0001:0000f690       ?erase@?$_Tree@V?$_Tset_traits@VUnitType@BWAPI@@U?$less@VUnitType@BWAPI@@@std@@V?$allocator@VUnitType@BWAPI@@@4@$0A@@std@@@std@@QAE?AViterator@12@Vconst_iterator@12@0@Z 10010690 f i BWAPI:UnitType.obj
 0001:0000f770       ?insert@?$_Tree@V?$_Tmap_traits@VUnitType@BWAPI@@HU?$less@VUnitType@BWAPI@@@std@@V?$allocator@U?$pair@$$CBVUnitType@BWAPI@@H@std@@@4@$0A@@std@@@std@@QAE?AU?$pair@Viterator@?$_Tree@V?$_Tmap_traits@VUnitType@BWAPI@@HU?$less@VUnitType@BWAPI@@@std@@V?$allocator@U?$pair@$$CBVUnitType@BWAPI@@H@std@@@4@$0A@@std@@@std@@_N@2@ABU?$pair@$$CBVUnitType@BWAPI@@H@2@@Z 10010770 f i BWAPI:UnitType.obj
 0001:0000f890       ?find@?$_Tree@V?$_Tset_traits@VTechType@BWAPI@@U?$less@VTechType@BWAPI@@@std@@V?$allocator@VTechType@BWAPI@@@4@$0A@@std@@@std@@QAE?AViterator@12@ABVTechType@BWAPI@@@Z 10010890 f i BWAPI:UnitType.obj
 0001:0000f920       ?set@UnitTypeInternal@BWAPI@@QAEXPBDVRace@2@_NVUnitType@2@H33VTechType@2@4444VUpgradeType@2@HHHHHHHHHHHHHVUnitSizeType@2@HHHHHHHHVWeaponType@2@H7HNHHH22222222222222222222222@Z 10010920 f i BWAPI:UnitType.obj
 0001:0000feb0       ?init@UnitTypes@BWAPI@@YAXXZ 10010eb0 f   BWAPI:UnitType.obj
 0001:0001c080       ??1?$_Tree@V?$_Tmap_traits@VUnitType@BWAPI@@HU?$less@VUnitType@BWAPI@@@std@@V?$allocator@U?$pair@$$CBVUnitType@BWAPI@@H@std@@@4@$0A@@std@@@std@@QAE@XZ 1001d080 f i BWAPI:UnitType.obj
 0001:0001c0f0       ??1?$_Tree@V?$_Tset_traits@VUnitType@BWAPI@@U?$less@VUnitType@BWAPI@@@std@@V?$allocator@VUnitType@BWAPI@@@4@$0A@@std@@@std@@QAE@XZ 1001d0f0 f i BWAPI:UnitType.obj
 0001:0001c160       ??1?$map@VUnitType@BWAPI@@HU?$less@VUnitType@BWAPI@@@std@@V?$allocator@U?$pair@$$CBVUnitType@BWAPI@@H@std@@@4@@std@@QAE@XZ 1001d160 f i BWAPI:UnitType.obj
 0001:0001c170       ??1?$set@VUpgradeType@BWAPI@@U?$less@VUpgradeType@BWAPI@@@std@@V?$allocator@VUpgradeType@BWAPI@@@4@@std@@QAE@XZ 1001d170 f i BWAPI:UnitType.obj
 0001:0001c170       ??1?$set@VTechType@BWAPI@@U?$less@VTechType@BWAPI@@@std@@V?$allocator@VTechType@BWAPI@@@4@@std@@QAE@XZ 1001d170 f i BWAPI:UnitType.obj
 0001:0001c180       ??1UnitTypeInternal@BWAPI@@QAE@XZ 1001d180 f i BWAPI:UnitType.obj
 0001:0001c1f0       ??1?$set@VUnitType@BWAPI@@U?$less@VUnitType@BWAPI@@@std@@V?$allocator@VUnitType@BWAPI@@@4@@std@@QAE@XZ 1001d1f0 f i BWAPI:UnitType.obj
 0001:0001c200       ??0?$_Tree@V?$_Tmap_traits@VUnitType@BWAPI@@HU?$less@VUnitType@BWAPI@@@std@@V?$allocator@U?$pair@$$CBVUnitType@BWAPI@@H@std@@@4@$0A@@std@@@std@@QAE@ABU?$less@VUnitType@BWAPI@@@1@ABV?$allocator@U?$pair@$$CBVUnitType@BWAPI@@H@std@@@1@@Z 1001d200 f i BWAPI:UnitType.obj
 0001:0001c280       ??0?$_Tree@V?$_Tset_traits@VWeaponType@BWAPI@@U?$less@VWeaponType@BWAPI@@@std@@V?$allocator@VWeaponType@BWAPI@@@4@$0A@@std@@@std@@QAE@ABU?$less@VWeaponType@BWAPI@@@1@ABV?$allocator@VWeaponType@BWAPI@@@1@@Z 1001d280 f i BWAPI:WeaponType.obj
 0001:0001c280       ??0?$_Tree@V?$_Tset_traits@VOrder@BWAPI@@U?$less@VOrder@BWAPI@@@std@@V?$allocator@VOrder@BWAPI@@@4@$0A@@std@@@std@@QAE@ABU?$less@VOrder@BWAPI@@@1@ABV?$allocator@VOrder@BWAPI@@@1@@Z 1001d280 f i BWAPI:Order.obj
 0001:0001c280       ??0?$_Tree@V?$_Tset_traits@VUnitCommandType@BWAPI@@U?$less@VUnitCommandType@BWAPI@@@std@@V?$allocator@VUnitCommandType@BWAPI@@@4@$0A@@std@@@std@@QAE@ABU?$less@VUnitCommandType@BWAPI@@@1@ABV?$allocator@VUnitCommandType@BWAPI@@@1@@Z 1001d280 f i BWAPI:UnitCommandType.obj
 0001:0001c280       ??0?$_Tree@V?$_Tset_traits@VUpgradeType@BWAPI@@U?$less@VUpgradeType@BWAPI@@@std@@V?$allocator@VUpgradeType@BWAPI@@@4@$0A@@std@@@std@@QAE@ABU?$less@VUpgradeType@BWAPI@@@1@ABV?$allocator@VUpgradeType@BWAPI@@@1@@Z 1001d280 f i BWAPI:UnitType.obj
 0001:0001c280       ??0?$_Tree@V?$_Tset_traits@VDamageType@BWAPI@@U?$less@VDamageType@BWAPI@@@std@@V?$allocator@VDamageType@BWAPI@@@4@$0A@@std@@@std@@QAE@ABU?$less@VDamageType@BWAPI@@@1@ABV?$allocator@VDamageType@BWAPI@@@1@@Z 1001d280 f i BWAPI:DamageType.obj
 0001:0001c280       ??0?$_Tree@V?$_Tset_traits@VPlayerType@BWAPI@@U?$less@VPlayerType@BWAPI@@@std@@V?$allocator@VPlayerType@BWAPI@@@4@$0A@@std@@@std@@QAE@ABU?$less@VPlayerType@BWAPI@@@1@ABV?$allocator@VPlayerType@BWAPI@@@1@@Z 1001d280 f i BWAPI:PlayerType.obj
 0001:0001c280       ??0?$_Tree@V?$_Tset_traits@VExplosionType@BWAPI@@U?$less@VExplosionType@BWAPI@@@std@@V?$allocator@VExplosionType@BWAPI@@@4@$0A@@std@@@std@@QAE@ABU?$less@VExplosionType@BWAPI@@@1@ABV?$allocator@VExplosionType@BWAPI@@@1@@Z 1001d280 f i BWAPI:ExplosionType.obj
 0001:0001c280       ??0?$_Tree@V?$_Tset_traits@VGameType@BWAPI@@U?$less@VGameType@BWAPI@@@std@@V?$allocator@VGameType@BWAPI@@@4@$0A@@std@@@std@@QAE@ABU?$less@VGameType@BWAPI@@@1@ABV?$allocator@VGameType@BWAPI@@@1@@Z 1001d280 f i BWAPI:GameType.obj
 0001:0001c280       ??0?$_Tree@V?$_Tset_traits@VRace@BWAPI@@U?$less@VRace@BWAPI@@@std@@V?$allocator@VRace@BWAPI@@@4@$0A@@std@@@std@@QAE@ABU?$less@VRace@BWAPI@@@1@ABV?$allocator@VRace@BWAPI@@@1@@Z 1001d280 f i BWAPI:Race.obj
 0001:0001c280       ??0?$_Tree@V?$_Tset_traits@VUnitType@BWAPI@@U?$less@VUnitType@BWAPI@@@std@@V?$allocator@VUnitType@BWAPI@@@4@$0A@@std@@@std@@QAE@ABU?$less@VUnitType@BWAPI@@@1@ABV?$allocator@VUnitType@BWAPI@@@1@@Z 1001d280 f i BWAPI:UnitType.obj
 0001:0001c280       ??0?$_Tree@V?$_Tset_traits@VTechType@BWAPI@@U?$less@VTechType@BWAPI@@@std@@V?$allocator@VTechType@BWAPI@@@4@$0A@@std@@@std@@QAE@ABU?$less@VTechType@BWAPI@@@1@ABV?$allocator@VTechType@BWAPI@@@1@@Z 1001d280 f i BWAPI:UnitType.obj
 0001:0001c280       ??0?$_Tree@V?$_Tset_traits@VUnitSizeType@BWAPI@@U?$less@VUnitSizeType@BWAPI@@@std@@V?$allocator@VUnitSizeType@BWAPI@@@4@$0A@@std@@@std@@QAE@ABU?$less@VUnitSizeType@BWAPI@@@1@ABV?$allocator@VUnitSizeType@BWAPI@@@1@@Z 1001d280 f i BWAPI:UnitSizeType.obj
 0001:0001c280       ??0?$_Tree@V?$_Tset_traits@VBulletType@BWAPI@@U?$less@VBulletType@BWAPI@@@std@@V?$allocator@VBulletType@BWAPI@@@4@$0A@@std@@@std@@QAE@ABU?$less@VBulletType@BWAPI@@@1@ABV?$allocator@VBulletType@BWAPI@@@1@@Z 1001d280 f i BWAPI:BulletType.obj
 0001:0001c280       ??0?$_Tree@V?$_Tset_traits@VError@BWAPI@@U?$less@VError@BWAPI@@@std@@V?$allocator@VError@BWAPI@@@4@$0A@@std@@@std@@QAE@ABU?$less@VError@BWAPI@@@1@ABV?$allocator@VError@BWAPI@@@1@@Z 1001d280 f i BWAPI:Error.obj
 0001:0001c300       ??0UnitTypeInternal@BWAPI@@QAE@XZ 1001d300 f i BWAPI:UnitType.obj
 0001:0001c3e0       ??0Position@BWAPI@@QAE@XZ  1001d3e0 f   BWAPI:Position.obj
 0001:0001c3f0       ??0Position@BWAPI@@QAE@HH@Z 1001d3f0 f   BWAPI:Position.obj
 0001:0001c410       ?x@Position@BWAPI@@QAEAAHXZ 1001d410 f   BWAPI:Position.obj
 0001:0001c420       ?y@Position@BWAPI@@QAEAAHXZ 1001d420 f   BWAPI:Position.obj
 0001:0001c430       ??HPosition@BWAPI@@QBE?AV01@ABV01@@Z 1001d430 f   BWAPI:Position.obj
 0001:0001c450       ??GPosition@BWAPI@@QBE?AV01@ABV01@@Z 1001d450 f   BWAPI:Position.obj
 0001:0001c470       ??0Type@BWAPI@@QAE@H@Z     1001d470 f   BWAPI:Type.obj
 0001:0001c480       ?getID@Type@BWAPI@@QBEHXZ  1001d480 f   BWAPI:Type.obj
 0001:0001c480       ??BType@BWAPI@@QBEHXZ      1001d480 f   BWAPI:Type.obj
 0001:0001c490       ??0WeaponTypeInternal@BWAPI@@QAE@XZ 1001d490 f i BWAPI:WeaponType.obj
 0001:0001c500       ?set@WeaponTypeInternal@BWAPI@@QAEXPBDVTechType@2@HHHHVUpgradeType@2@VDamageType@2@VExplosionType@2@HHHHH_N55555555VUnitType@2@@Z 1001d500 f i BWAPI:WeaponType.obj
 0001:0001c5d0       ??0WeaponType@BWAPI@@QAE@XZ 1001d5d0 f   BWAPI:WeaponType.obj
 0001:0001c5e0       ?damageCooldown@WeaponType@BWAPI@@QBEHXZ 1001d5e0 f   BWAPI:WeaponType.obj
 0001:0001c600       ?maxRange@WeaponType@BWAPI@@QBEHXZ 1001d600 f   BWAPI:WeaponType.obj
 0001:0001c620       ?_Min@?$_Tree@V?$_Tset_traits@VUnitCommandType@BWAPI@@U?$less@VUnitCommandType@BWAPI@@@std@@V?$allocator@VUnitCommandType@BWAPI@@@4@$0A@@std@@@std@@KAPAU_Node@?$_Tree_nod@V?$_Tset_traits@VUnitCommandType@BWAPI@@U?$less@VUnitCommandType@BWAPI@@@std@@V?$allocator@VUnitCommandType@BWAPI@@@4@$0A@@std@@@2@PAU342@@Z 1001d620 f i BWAPI:UnitCommandType.obj
 0001:0001c620       ?_Min@?$_Tree@V?$_Tset_traits@VExplosionType@BWAPI@@U?$less@VExplosionType@BWAPI@@@std@@V?$allocator@VExplosionType@BWAPI@@@4@$0A@@std@@@std@@KAPAU_Node@?$_Tree_nod@V?$_Tset_traits@VExplosionType@BWAPI@@U?$less@VExplosionType@BWAPI@@@std@@V?$allocator@VExplosionType@BWAPI@@@4@$0A@@std@@@2@PAU342@@Z 1001d620 f i BWAPI:ExplosionType.obj
 0001:0001c620       ?_Min@?$_Tree@V?$_Tset_traits@VBulletType@BWAPI@@U?$less@VBulletType@BWAPI@@@std@@V?$allocator@VBulletType@BWAPI@@@4@$0A@@std@@@std@@KAPAU_Node@?$_Tree_nod@V?$_Tset_traits@VBulletType@BWAPI@@U?$less@VBulletType@BWAPI@@@std@@V?$allocator@VBulletType@BWAPI@@@4@$0A@@std@@@2@PAU342@@Z 1001d620 f i BWAPI:BulletType.obj
 0001:0001c620       ?_Min@?$_Tree@V?$_Tset_traits@VRace@BWAPI@@U?$less@VRace@BWAPI@@@std@@V?$allocator@VRace@BWAPI@@@4@$0A@@std@@@std@@KAPAU_Node@?$_Tree_nod@V?$_Tset_traits@VRace@BWAPI@@U?$less@VRace@BWAPI@@@std@@V?$allocator@VRace@BWAPI@@@4@$0A@@std@@@2@PAU342@@Z 1001d620 f i BWAPI:Race.obj
 0001:0001c620       ?_Min@?$_Tree@V?$_Tset_traits@VTechType@BWAPI@@U?$less@VTechType@BWAPI@@@std@@V?$allocator@VTechType@BWAPI@@@4@$0A@@std@@@std@@KAPAU_Node@?$_Tree_nod@V?$_Tset_traits@VTechType@BWAPI@@U?$less@VTechType@BWAPI@@@std@@V?$allocator@VTechType@BWAPI@@@4@$0A@@std@@@2@PAU342@@Z 1001d620 f i BWAPI:UnitType.obj
 0001:0001c620       ?_Min@?$_Tree@V?$_Tset_traits@VError@BWAPI@@U?$less@VError@BWAPI@@@std@@V?$allocator@VError@BWAPI@@@4@$0A@@std@@@std@@KAPAU_Node@?$_Tree_nod@V?$_Tset_traits@VError@BWAPI@@U?$less@VError@BWAPI@@@std@@V?$allocator@VError@BWAPI@@@4@$0A@@std@@@2@PAU342@@Z 1001d620 f i BWAPI:Error.obj
 0001:0001c620       ?_Min@?$_Tree@V?$_Tset_traits@VPlayerType@BWAPI@@U?$less@VPlayerType@BWAPI@@@std@@V?$allocator@VPlayerType@BWAPI@@@4@$0A@@std@@@std@@KAPAU_Node@?$_Tree_nod@V?$_Tset_traits@VPlayerType@BWAPI@@U?$less@VPlayerType@BWAPI@@@std@@V?$allocator@VPlayerType@BWAPI@@@4@$0A@@std@@@2@PAU342@@Z 1001d620 f i BWAPI:PlayerType.obj
 0001:0001c620       ?_Min@?$_Tree@V?$_Tset_traits@VDamageType@BWAPI@@U?$less@VDamageType@BWAPI@@@std@@V?$allocator@VDamageType@BWAPI@@@4@$0A@@std@@@std@@KAPAU_Node@?$_Tree_nod@V?$_Tset_traits@VDamageType@BWAPI@@U?$less@VDamageType@BWAPI@@@std@@V?$allocator@VDamageType@BWAPI@@@4@$0A@@std@@@2@PAU342@@Z 1001d620 f i BWAPI:DamageType.obj
 0001:0001c620       ?_Min@?$_Tree@V?$_Tset_traits@VWeaponType@BWAPI@@U?$less@VWeaponType@BWAPI@@@std@@V?$allocator@VWeaponType@BWAPI@@@4@$0A@@std@@@std@@KAPAU_Node@?$_Tree_nod@V?$_Tset_traits@VWeaponType@BWAPI@@U?$less@VWeaponType@BWAPI@@@std@@V?$allocator@VWeaponType@BWAPI@@@4@$0A@@std@@@2@PAU342@@Z 1001d620 f i BWAPI:WeaponType.obj
 0001:0001c620       ?_Min@?$_Tree@V?$_Tset_traits@VOrder@BWAPI@@U?$less@VOrder@BWAPI@@@std@@V?$allocator@VOrder@BWAPI@@@4@$0A@@std@@@std@@KAPAU_Node@?$_Tree_nod@V?$_Tset_traits@VOrder@BWAPI@@U?$less@VOrder@BWAPI@@@std@@V?$allocator@VOrder@BWAPI@@@4@$0A@@std@@@2@PAU342@@Z 1001d620 f i BWAPI:Order.obj
 0001:0001c620       ?_Min@?$_Tree@V?$_Tset_traits@VUpgradeType@BWAPI@@U?$less@VUpgradeType@BWAPI@@@std@@V?$allocator@VUpgradeType@BWAPI@@@4@$0A@@std@@@std@@KAPAU_Node@?$_Tree_nod@V?$_Tset_traits@VUpgradeType@BWAPI@@U?$less@VUpgradeType@BWAPI@@@std@@V?$allocator@VUpgradeType@BWAPI@@@4@$0A@@std@@@2@PAU342@@Z 1001d620 f i BWAPI:UnitType.obj
 0001:0001c620       ?_Min@?$_Tree@V?$_Tset_traits@VGameType@BWAPI@@U?$less@VGameType@BWAPI@@@std@@V?$allocator@VGameType@BWAPI@@@4@$0A@@std@@@std@@KAPAU_Node@?$_Tree_nod@V?$_Tset_traits@VGameType@BWAPI@@U?$less@VGameType@BWAPI@@@std@@V?$allocator@VGameType@BWAPI@@@4@$0A@@std@@@2@PAU342@@Z 1001d620 f i BWAPI:GameType.obj
 0001:0001c620       ?_Min@?$_Tree@V?$_Tset_traits@VUnitSizeType@BWAPI@@U?$less@VUnitSizeType@BWAPI@@@std@@V?$allocator@VUnitSizeType@BWAPI@@@4@$0A@@std@@@std@@KAPAU_Node@?$_Tree_nod@V?$_Tset_traits@VUnitSizeType@BWAPI@@U?$less@VUnitSizeType@BWAPI@@@std@@V?$allocator@VUnitSizeType@BWAPI@@@4@$0A@@std@@@2@PAU342@@Z 1001d620 f i BWAPI:UnitSizeType.obj
 0001:0001c640       ?_Inc@const_iterator@?$_Tree@V?$_Tmap_traits@V?$basic_string@DU?$char_traits@D@std@@V?$allocator@D@2@@std@@VUnitType@BWAPI@@U?$less@V?$basic_string@DU?$char_traits@D@std@@V?$allocator@D@2@@std@@@2@V?$allocator@U?$pair@$$CBV?$basic_string@DU?$char_traits@D@std@@V?$allocator@D@2@@std@@VUnitType@BWAPI@@@std@@@2@$0A@@std@@@std@@QAEXXZ 1001d640 f i BWAPI:UnitType.obj
 0001:0001c640       ?_Inc@const_iterator@?$_Tree@V?$_Tmap_traits@V?$basic_string@DU?$char_traits@D@std@@V?$allocator@D@2@@std@@VError@BWAPI@@U?$less@V?$basic_string@DU?$char_traits@D@std@@V?$allocator@D@2@@std@@@2@V?$allocator@U?$pair@$$CBV?$basic_string@DU?$char_traits@D@std@@V?$allocator@D@2@@std@@VError@BWAPI@@@std@@@2@$0A@@std@@@std@@QAEXXZ 1001d640 f i BWAPI:Error.obj
 0001:0001c640       ?_Inc@const_iterator@?$_Tree@V?$_Tmap_traits@V?$basic_string@DU?$char_traits@D@std@@V?$allocator@D@2@@std@@VWeaponType@BWAPI@@U?$less@V?$basic_string@DU?$char_traits@D@std@@V?$allocator@D@2@@std@@@2@V?$allocator@U?$pair@$$CBV?$basic_string@DU?$char_traits@D@std@@V?$allocator@D@2@@std@@VWeaponType@BWAPI@@@std@@@2@$0A@@std@@@std@@QAEXXZ 1001d640 f i BWAPI:WeaponType.obj
 0001:0001c640       ?_Inc@const_iterator@?$_Tree@V?$_Tmap_traits@V?$basic_string@DU?$char_traits@D@std@@V?$allocator@D@2@@std@@VRace@BWAPI@@U?$less@V?$basic_string@DU?$char_traits@D@std@@V?$allocator@D@2@@std@@@2@V?$allocator@U?$pair@$$CBV?$basic_string@DU?$char_traits@D@std@@V?$allocator@D@2@@std@@VRace@BWAPI@@@std@@@2@$0A@@std@@@std@@QAEXXZ 1001d640 f i BWAPI:Race.obj
 0001:0001c640       ?_Inc@const_iterator@?$_Tree@V?$_Tmap_traits@V?$basic_string@DU?$char_traits@D@std@@V?$allocator@D@2@@std@@VUnitSizeType@BWAPI@@U?$less@V?$basic_string@DU?$char_traits@D@std@@V?$allocator@D@2@@std@@@2@V?$allocator@U?$pair@$$CBV?$basic_string@DU?$char_traits@D@std@@V?$allocator@D@2@@std@@VUnitSizeType@BWAPI@@@std@@@2@$0A@@std@@@std@@QAEXXZ 1001d640 f i BWAPI:UnitSizeType.obj
 0001:0001c640       ?_Inc@const_iterator@?$_Tree@V?$_Tmap_traits@V?$basic_string@DU?$char_traits@D@std@@V?$allocator@D@2@@std@@VExplosionType@BWAPI@@U?$less@V?$basic_string@DU?$char_traits@D@std@@V?$allocator@D@2@@std@@@2@V?$allocator@U?$pair@$$CBV?$basic_string@DU?$char_traits@D@std@@V?$allocator@D@2@@std@@VExplosionType@BWAPI@@@std@@@2@$0A@@std@@@std@@QAEXXZ 1001d640 f i BWAPI:ExplosionType.obj
 0001:0001c640       ?_Inc@const_iterator@?$_Tree@V?$_Tmap_traits@V?$basic_string@DU?$char_traits@D@std@@V?$allocator@D@2@@std@@VBulletType@BWAPI@@U?$less@V?$basic_string@DU?$char_traits@D@std@@V?$allocator@D@2@@std@@@2@V?$allocator@U?$pair@$$CBV?$basic_string@DU?$char_traits@D@std@@V?$allocator@D@2@@std@@VBulletType@BWAPI@@@std@@@2@$0A@@std@@@std@@QAEXXZ 1001d640 f i BWAPI:BulletType.obj
[...]
 0001:00036280       ??__ETrain@UnitCommandTypes@BWAPI@@YAXXZ 10037280 f   BWAPI:UnitCommandType.obj
 0001:00036290       ??__EMorph@UnitCommandTypes@BWAPI@@YAXXZ 10037290 f   BWAPI:UnitCommandType.obj
 0001:000362a0       ??__EResearch@UnitCommandTypes@BWAPI@@YAXXZ 100372a0 f   BWAPI:UnitCommandType.obj
 0001:000362b0       ??__EUpgrade@UnitCommandTypes@BWAPI@@YAXXZ 100372b0 f   BWAPI:UnitCommandType.obj
 0001:000362c0       ??__ESet_Rally_Position@UnitCommandTypes@BWAPI@@YAXXZ 100372c0 f   BWAPI:UnitCommandType.obj
 0001:000362d0       ??__ESet_Rally_Unit@UnitCommandTypes@BWAPI@@YAXXZ 100372d0 f   BWAPI:UnitCommandType.obj
 0001:000362e0       ??__EMove@UnitCommandTypes@BWAPI@@YAXXZ 100372e0 f   BWAPI:UnitCommandType.obj
 0001:000362f0       ??__EPatrol@UnitCommandTypes@BWAPI@@YAXXZ 100372f0 f   BWAPI:UnitCommandType.obj
 0001:00036300       ??__EHold_Position@UnitCommandTypes@BWAPI@@YAXXZ 10037300 f   BWAPI:UnitCommandType.obj
 0001:00036310       ??__EStop@UnitCommandTypes@BWAPI@@YAXXZ 10037310 f   BWAPI:UnitCommandType.obj
 0001:00036320       ??__EFollow@UnitCommandTypes@BWAPI@@YAXXZ 10037320 f   BWAPI:UnitCommandType.obj
 0001:00036330       ??__EGather@UnitCommandTypes@BWAPI@@YAXXZ 10037330 f   BWAPI:UnitCommandType.obj
 0001:00036340       ??__EReturn_Cargo@UnitCommandTypes@BWAPI@@YAXXZ 10037340 f   BWAPI:UnitCommandType.obj
 0001:00036350       ??__ERepair@UnitCommandTypes@BWAPI@@YAXXZ 10037350 f   BWAPI:UnitCommandType.obj
 0001:00036360       ??__EBurrow@UnitCommandTypes@BWAPI@@YAXXZ 10037360 f   BWAPI:UnitCommandType.obj
 0001:00036370       ??__EUnburrow@UnitCommandTypes@BWAPI@@YAXXZ 10037370 f   BWAPI:UnitCommandType.obj
 0001:00036380       ??__ECloak@UnitCommandTypes@BWAPI@@YAXXZ 10037380 f   BWAPI:UnitCommandType.obj
 0001:00036390       ??__EDecloak@UnitCommandTypes@BWAPI@@YAXXZ 10037390 f   BWAPI:UnitCommandType.obj
 0001:000363a0       ??__ESiege@UnitCommandTypes@BWAPI@@YAXXZ 100373a0 f   BWAPI:UnitCommandType.obj
 0001:000363b0       ??__EUnsiege@UnitCommandTypes@BWAPI@@YAXXZ 100373b0 f   BWAPI:UnitCommandType.obj
 0001:000363c0       ??__ELift@UnitCommandTypes@BWAPI@@YAXXZ 100373c0 f   BWAPI:UnitCommandType.obj
 0001:000363d0       ??__ELand@UnitCommandTypes@BWAPI@@YAXXZ 100373d0 f   BWAPI:UnitCommandType.obj
 0001:000363e0       ??__ELoad@UnitCommandTypes@BWAPI@@YAXXZ 100373e0 f   BWAPI:UnitCommandType.obj
 0001:000363f0       ??__EUnload@UnitCommandTypes@BWAPI@@YAXXZ 100373f0 f   BWAPI:UnitCommandType.obj
 0001:00036400       ??__EUnload_All@UnitCommandTypes@BWAPI@@YAXXZ 10037400 f   BWAPI:UnitCommandType.obj
 0001:00036410       ??__EUnload_All_Position@UnitCommandTypes@BWAPI@@YAXXZ 10037410 f   BWAPI:UnitCommandType.obj
 0001:00036420       ??__ERight_Click_Position@UnitCommandTypes@BWAPI@@YAXXZ 10037420 f   BWAPI:UnitCommandType.obj
 0001:00036430       ??__ERight_Click_Unit@UnitCommandTypes@BWAPI@@YAXXZ 10037430 f   BWAPI:UnitCommandType.obj
 0001:00036440       ??__EHalt_Construction@UnitCommandTypes@BWAPI@@YAXXZ 10037440 f   BWAPI:UnitCommandType.obj
 0001:00036450       ??__ECancel_Construction@UnitCommandTypes@BWAPI@@YAXXZ 10037450 f   BWAPI:UnitCommandType.obj
 0001:00036460       ??__ECancel_Addon@UnitCommandTypes@BWAPI@@YAXXZ 10037460 f   BWAPI:UnitCommandType.obj
 0001:00036470       ??__ECancel_Train@UnitCommandTypes@BWAPI@@YAXXZ 10037470 f   BWAPI:UnitCommandType.obj
 0001:00036480       ??__ECancel_Train_Slot@UnitCommandTypes@BWAPI@@YAXXZ 10037480 f   BWAPI:UnitCommandType.obj
 0001:00036490       ??__ECancel_Morph@UnitCommandTypes@BWAPI@@YAXXZ 10037490 f   BWAPI:UnitCommandType.obj
 0001:000364a0       ??__ECancel_Research@UnitCommandTypes@BWAPI@@YAXXZ 100374a0 f   BWAPI:UnitCommandType.obj
 0001:000364b0       ??__ECancel_Upgrade@UnitCommandTypes@BWAPI@@YAXXZ 100374b0 f   BWAPI:UnitCommandType.obj
 0001:000364c0       ??__EUse_Tech@UnitCommandTypes@BWAPI@@YAXXZ 100374c0 f   BWAPI:UnitCommandType.obj
 0001:000364d0       ??__EUse_Tech_Position@UnitCommandTypes@BWAPI@@YAXXZ 100374d0 f   BWAPI:UnitCommandType.obj
 0001:000364e0       ??__EUse_Tech_Unit@UnitCommandTypes@BWAPI@@YAXXZ 100374e0 f   BWAPI:UnitCommandType.obj
 0001:000364f0       ??__EPlace_COP@UnitCommandTypes@BWAPI@@YAXXZ 100374f0 f   BWAPI:UnitCommandType.obj
 0001:00036500       ??__ENone@UnitCommandTypes@BWAPI@@YAXXZ 10037500 f   BWAPI:UnitCommandType.obj
 0001:00036510       ??__EUnknown@UnitCommandTypes@BWAPI@@YAXXZ 10037510 f   BWAPI:UnitCommandType.obj
 0001:00036520       ??__EunitSizeTypeName@BWAPI@@YAXXZ 10037520 f   BWAPI:UnitSizeType.obj
 0001:00036550       ??__EunitSizeTypeMap@BWAPI@@YAXXZ 10037550 f   BWAPI:UnitSizeType.obj
 0001:00036580       ??__EunitSizeTypeSet@BWAPI@@YAXXZ 10037580 f   BWAPI:UnitSizeType.obj
 0001:000365b0       ??__EIndependent@UnitSizeTypes@BWAPI@@YAXXZ 100375b0 f   BWAPI:UnitSizeType.obj
 0001:000365c0       ??__ESmall@UnitSizeTypes@BWAPI@@YAXXZ 100375c0 f   BWAPI:UnitSizeType.obj
 0001:000365d0       ??__EMedium@UnitSizeTypes@BWAPI@@YAXXZ 100375d0 f   BWAPI:UnitSizeType.obj
 0001:000365e0       ??__ELarge@UnitSizeTypes@BWAPI@@YAXXZ 100375e0 f   BWAPI:UnitSizeType.obj
 0001:000365f0       ??__ENone@UnitSizeTypes@BWAPI@@YAXXZ 100375f0 f   BWAPI:UnitSizeType.obj
 0001:00036600       ??__EUnknown@UnitSizeTypes@BWAPI@@YAXXZ 10037600 f   BWAPI:UnitSizeType.obj
 0001:00036610       ??__EupgradeTypeData@BWAPI@@YAXXZ 10037610 f   BWAPI:UpgradeType.obj
 0001:00036640       ??__EupgradeTypeMap@BWAPI@@YAXXZ 10037640 f   BWAPI:UpgradeType.obj
 0001:00036670       ??__EupgradeTypeSet@BWAPI@@YAXXZ 10037670 f   BWAPI:UpgradeType.obj
 0001:000366a0       ??__ETerran_Infantry_Armor@UpgradeTypes@BWAPI@@YAXXZ 100376a0 f   BWAPI:UpgradeType.obj
 0001:000366e0       ??__ETerran_Vehicle_Plating@UpgradeTypes@BWAPI@@YAXXZ 100376e0 f   BWAPI:UpgradeType.obj
 0001:00036720       ??__ETerran_Ship_Plating@UpgradeTypes@BWAPI@@YAXXZ 10037720 f   BWAPI:UpgradeType.obj
 0001:00036760       ??__EZerg_Carapace@UpgradeTypes@BWAPI@@YAXXZ 10037760 f   BWAPI:UpgradeType.obj
 0001:000367a0       ??__EZerg_Flyer_Carapace@UpgradeTypes@BWAPI@@YAXXZ 100377a0 f   BWAPI:UpgradeType.obj
 0001:000367e0       ??__EProtoss_Ground_Armor@UpgradeTypes@BWAPI@@YAXXZ 100377e0 f   BWAPI:UpgradeType.obj
 0001:00036820       ??__EProtoss_Air_Armor@UpgradeTypes@BWAPI@@YAXXZ 10037820 f   BWAPI:UpgradeType.obj
 0001:00036860       ??__ETerran_Infantry_Weapons@UpgradeTypes@BWAPI@@YAXXZ 10037860 f   BWAPI:UpgradeType.obj
 0001:000368a0       ??__ETerran_Vehicle_Weapons@UpgradeTypes@BWAPI@@YAXXZ 100378a0 f   BWAPI:UpgradeType.obj
 0001:000368e0       ??__ETerran_Ship_Weapons@UpgradeTypes@BWAPI@@YAXXZ 100378e0 f   BWAPI:UpgradeType.obj
 0001:00036920       ??__EZerg_Melee_Attacks@UpgradeTypes@BWAPI@@YAXXZ 10037920 f   BWAPI:UpgradeType.obj
 0001:00036960       ??__EZerg_Missile_Attacks@UpgradeTypes@BWAPI@@YAXXZ 10037960 f   BWAPI:UpgradeType.obj
 0001:000369a0       ??__EZerg_Flyer_Attacks@UpgradeTypes@BWAPI@@YAXXZ 100379a0 f   BWAPI:UpgradeType.obj
 0001:000369e0       ??__EProtoss_Ground_Weapons@UpgradeTypes@BWAPI@@YAXXZ 100379e0 f   BWAPI:UpgradeType.obj
 0001:00036a20       ??__EProtoss_Air_Weapons@UpgradeTypes@BWAPI@@YAXXZ 10037a20 f   BWAPI:UpgradeType.obj
 0001:00036a60       ??__EProtoss_Plasma_Shields@UpgradeTypes@BWAPI@@YAXXZ 10037a60 f   BWAPI:UpgradeType.obj
 0001:00036aa0       ??__EU_238_Shells@UpgradeTypes@BWAPI@@YAXXZ 10037aa0 f   BWAPI:UpgradeType.obj
 0001:00036ae0       ??__EIon_Thrusters@UpgradeTypes@BWAPI@@YAXXZ 10037ae0 f   BWAPI:UpgradeType.obj
 0001:00036b20       ??__ETitan_Reactor@UpgradeTypes@BWAPI@@YAXXZ 10037b20 f   BWAPI:UpgradeType.obj
 0001:00036b60       ??__EOcular_Implants@UpgradeTypes@BWAPI@@YAXXZ 10037b60 f   BWAPI:UpgradeType.obj
 0001:00036ba0       ??__EMoebius_Reactor@UpgradeTypes@BWAPI@@YAXXZ 10037ba0 f   BWAPI:UpgradeType.obj
 0001:00036be0       ??__EApollo_Reactor@UpgradeTypes@BWAPI@@YAXXZ 10037be0 f   BWAPI:UpgradeType.obj
 0001:00036c20       ??__EColossus_Reactor@UpgradeTypes@BWAPI@@YAXXZ 10037c20 f   BWAPI:UpgradeType.obj
 0001:00036c60       ??__EVentral_Sacs@UpgradeTypes@BWAPI@@YAXXZ 10037c60 f   BWAPI:UpgradeType.obj
 0001:00036ca0       ??__EAntennae@UpgradeTypes@BWAPI@@YAXXZ 10037ca0 f   BWAPI:UpgradeType.obj
 0001:00036ce0       ??__EPneumatized_Carapace@UpgradeTypes@BWAPI@@YAXXZ 10037ce0 f   BWAPI:UpgradeType.obj
 0001:00036d20       ??__EMetabolic_Boost@UpgradeTypes@BWAPI@@YAXXZ 10037d20 f   BWAPI:UpgradeType.obj
 0001:00036d60       ??__EAdrenal_Glands@UpgradeTypes@BWAPI@@YAXXZ 10037d60 f   BWAPI:UpgradeType.obj
 0001:00036da0       ??__EMuscular_Augments@UpgradeTypes@BWAPI@@YAXXZ 10037da0 f   BWAPI:UpgradeType.obj
 0001:00036de0       ??__EGrooved_Spines@UpgradeTypes@BWAPI@@YAXXZ 10037de0 f   BWAPI:UpgradeType.obj
 0001:00036e20       ??__EGamete_Meiosis@UpgradeTypes@BWAPI@@YAXXZ 10037e20 f   BWAPI:UpgradeType.obj
 0001:00036e60       ??__EMetasynaptic_Node@UpgradeTypes@BWAPI@@YAXXZ 10037e60 f   BWAPI:UpgradeType.obj
 0001:00036ea0       ??__ESingularity_Charge@UpgradeTypes@BWAPI@@YAXXZ 10037ea0 f   BWAPI:UpgradeType.obj
 0001:00036ee0       ??__ELeg_Enhancements@UpgradeTypes@BWAPI@@YAXXZ 10037ee0 f   BWAPI:UpgradeType.obj
 0001:00036f20       ??__EScarab_Damage@UpgradeTypes@BWAPI@@YAXXZ 10037f20 f   BWAPI:UpgradeType.obj
 0001:00036f60       ??__EReaver_Capacity@UpgradeTypes@BWAPI@@YAXXZ 10037f60 f   BWAPI:UpgradeType.obj
 0001:00036fa0       ??__EGravitic_Drive@UpgradeTypes@BWAPI@@YAXXZ 10037fa0 f   BWAPI:UpgradeType.obj
 0001:00036ff0       ??__ESensor_Array@UpgradeTypes@BWAPI@@YAXXZ 10037ff0 f   BWAPI:UpgradeType.obj
 0001:00037030       ??__EGravitic_Boosters@UpgradeTypes@BWAPI@@YAXXZ 10038030 f   BWAPI:UpgradeType.obj
 0001:00037070       ??__EKhaydarin_Amulet@UpgradeTypes@BWAPI@@YAXXZ 10038070 f   BWAPI:UpgradeType.obj
 0001:000370b0       ??__EApial_Sensors@UpgradeTypes@BWAPI@@YAXXZ 100380b0 f   BWAPI:UpgradeType.obj
 0001:000370f0       ??__EGravitic_Thrusters@UpgradeTypes@BWAPI@@YAXXZ 100380f0 f   BWAPI:UpgradeType.obj
 0001:00037130       ??__ECarrier_Capacity@UpgradeTypes@BWAPI@@YAXXZ 10038130 f   BWAPI:UpgradeType.obj
 0001:00037170       ??__EKhaydarin_Core@UpgradeTypes@BWAPI@@YAXXZ 10038170 f   BWAPI:UpgradeType.obj
 0001:000371b0       ??__EArgus_Jewel@UpgradeTypes@BWAPI@@YAXXZ 100381b0 f   BWAPI:UpgradeType.obj
 0001:000371f0       ??__EArgus_Talisman@UpgradeTypes@BWAPI@@YAXXZ 100381f0 f   BWAPI:UpgradeType.obj
 0001:00037230       ??__ECaduceus_Reactor@UpgradeTypes@BWAPI@@YAXXZ 10038230 f   BWAPI:UpgradeType.obj
 0001:00037270       ??__EChitinous_Plating@UpgradeTypes@BWAPI@@YAXXZ 10038270 f   BWAPI:UpgradeType.obj
 0001:000372b0       ??__EAnabolic_Synthesis@UpgradeTypes@BWAPI@@YAXXZ 100382b0 f   BWAPI:UpgradeType.obj
 0001:000372f0       ??__ECharon_Boosters@UpgradeTypes@BWAPI@@YAXXZ 100382f0 f   BWAPI:UpgradeType.obj
 0001:00037330       ??__ENone@UpgradeTypes@BWAPI@@YAXXZ 10038330 f   BWAPI:UpgradeType.obj
 0001:00037370       ??__EUnknown@UpgradeTypes@BWAPI@@YAXXZ 10038370 f   BWAPI:UpgradeType.obj
 0001:000373b0       ??__EplayerTypeName@BWAPI@@YAXXZ 100383b0 f   BWAPI:PlayerType.obj
 0001:000373e0       ??__EplayerTypeMap@BWAPI@@YAXXZ 100383e0 f   BWAPI:PlayerType.obj
 0001:00037410       ??__EplayerTypeSet@BWAPI@@YAXXZ 10038410 f   BWAPI:PlayerType.obj
 0001:00037440       ??__ENone@PlayerTypes@BWAPI@@YAXXZ 10038440 f   BWAPI:PlayerType.obj
 0001:00037480       ??__EComputer@PlayerTypes@BWAPI@@YAXXZ 10038480 f   BWAPI:PlayerType.obj
 0001:000374c0       ??__EPlayer@PlayerTypes@BWAPI@@YAXXZ 100384c0 f   BWAPI:PlayerType.obj
 0001:00037500       ??__ERescuePassive@PlayerTypes@BWAPI@@YAXXZ 10038500 f   BWAPI:PlayerType.obj
 0001:00037540       ??__EEitherPreferComputer@PlayerTypes@BWAPI@@YAXXZ 10038540 f   BWAPI:PlayerType.obj
 0001:00037580       ??__EEitherPreferHuman@PlayerTypes@BWAPI@@YAXXZ 10038580 f   BWAPI:PlayerType.obj
 0001:000375c0       ??__ENeutral@PlayerTypes@BWAPI@@YAXXZ 100385c0 f   BWAPI:PlayerType.obj
 0001:00037600       ??__EClosed@PlayerTypes@BWAPI@@YAXXZ 10038600 f   BWAPI:PlayerType.obj
 0001:00037640       ??__EPlayerLeft@PlayerTypes@BWAPI@@YAXXZ 10038640 f   BWAPI:PlayerType.obj
 0001:00037680       ??__EComputerLeft@PlayerTypes@BWAPI@@YAXXZ 10038680 f   BWAPI:PlayerType.obj
 0001:000376c0       ??__EUnknown@PlayerTypes@BWAPI@@YAXXZ 100386c0 f   BWAPI:PlayerType.obj
 0001:00037700       ??__EexplosionTypeName@BWAPI@@YAXXZ 10038700 f   BWAPI:ExplosionType.obj
 0001:00037730       ??__EexplosionTypeMap@BWAPI@@YAXXZ 10038730 f   BWAPI:ExplosionType.obj
 0001:00037760       ??__EexplosionTypeSet@BWAPI@@YAXXZ 10038760 f   BWAPI:ExplosionType.obj
 0001:00037790       ??__ENone@ExplosionTypes@BWAPI@@YAXXZ 10038790 f   BWAPI:ExplosionType.obj
 0001:000377a0       ??__ENormal@ExplosionTypes@BWAPI@@YAXXZ 100387a0 f   BWAPI:ExplosionType.obj
 0001:000377b0       ??__ERadial_Splash@ExplosionTypes@BWAPI@@YAXXZ 100387b0 f   BWAPI:ExplosionType.obj
 0001:000377c0       ??__EEnemy_Splash@ExplosionTypes@BWAPI@@YAXXZ 100387c0 f   BWAPI:ExplosionType.obj
 0001:000377d0       ??__ELockdown@ExplosionTypes@BWAPI@@YAXXZ 100387d0 f   BWAPI:ExplosionType.obj
 0001:000377e0       ??__ENuclear_Missile@ExplosionTypes@BWAPI@@YAXXZ 100387e0 f   BWAPI:ExplosionType.obj
 0001:000377f0       ??__EParasite@ExplosionTypes@BWAPI@@YAXXZ 100387f0 f   BWAPI:ExplosionType.obj
 0001:00037800       ??__EBroodlings@ExplosionTypes@BWAPI@@YAXXZ 10038800 f   BWAPI:ExplosionType.obj
 0001:00037810       ??__EEMP_Shockwave@ExplosionTypes@BWAPI@@YAXXZ 10038810 f   BWAPI:ExplosionType.obj
 0001:00037820       ??__EIrradiate@ExplosionTypes@BWAPI@@YAXXZ 10038820 f   BWAPI:ExplosionType.obj
 0001:00037830       ??__EEnsnare@ExplosionTypes@BWAPI@@YAXXZ 10038830 f   BWAPI:ExplosionType.obj
 0001:00037840       ??__EPlague@ExplosionTypes@BWAPI@@YAXXZ 10038840 f   BWAPI:ExplosionType.obj
 0001:00037850       ??__EStasis_Field@ExplosionTypes@BWAPI@@YAXXZ 10038850 f   BWAPI:ExplosionType.obj
 0001:00037860       ??__EDark_Swarm@ExplosionTypes@BWAPI@@YAXXZ 10038860 f   BWAPI:ExplosionType.obj
 0001:00037870       ??__EConsume@ExplosionTypes@BWAPI@@YAXXZ 10038870 f   BWAPI:ExplosionType.obj
 0001:00037880       ??__EYamato_Gun@ExplosionTypes@BWAPI@@YAXXZ 10038880 f   BWAPI:ExplosionType.obj
 0001:00037890       ??__ERestoration@ExplosionTypes@BWAPI@@YAXXZ 10038890 f   BWAPI:ExplosionType.obj
 0001:000378a0       ??__EDisruption_Web@ExplosionTypes@BWAPI@@YAXXZ 100388a0 f   BWAPI:ExplosionType.obj
 0001:000378b0       ??__ECorrosive_Acid@ExplosionTypes@BWAPI@@YAXXZ 100388b0 f   BWAPI:ExplosionType.obj
 0001:000378c0       ??__EMind_Control@ExplosionTypes@BWAPI@@YAXXZ 100388c0 f   BWAPI:ExplosionType.obj
 0001:000378d0       ??__EFeedback@ExplosionTypes@BWAPI@@YAXXZ 100388d0 f   BWAPI:ExplosionType.obj
 0001:000378e0       ??__EOptical_Flare@ExplosionTypes@BWAPI@@YAXXZ 100388e0 f   BWAPI:ExplosionType.obj
 0001:000378f0       ??__EMaelstrom@ExplosionTypes@BWAPI@@YAXXZ 100388f0 f   BWAPI:ExplosionType.obj
 0001:00037900       ??__EAir_Splash@ExplosionTypes@BWAPI@@YAXXZ 10038900 f   BWAPI:ExplosionType.obj
 0001:00037910       ??__EUnknown@ExplosionTypes@BWAPI@@YAXXZ 10038910 f   BWAPI:ExplosionType.obj
 0001:00037920       ??__EdamageTypeName@BWAPI@@YAXXZ 10038920 f   BWAPI:DamageType.obj
 0001:00037950       ??__EdamageTypeMap@BWAPI@@YAXXZ 10038950 f   BWAPI:DamageType.obj
 0001:00037980       ??__EdamageTypeSet@BWAPI@@YAXXZ 10038980 f   BWAPI:DamageType.obj
 0001:000379b0       ??__EIndependent@DamageTypes@BWAPI@@YAXXZ 100389b0 f   BWAPI:DamageType.obj
 0001:000379c0       ??__EExplosive@DamageTypes@BWAPI@@YAXXZ 100389c0 f   BWAPI:DamageType.obj
 0001:000379d0       ??__EConcussive@DamageTypes@BWAPI@@YAXXZ 100389d0 f   BWAPI:DamageType.obj
 0001:000379e0       ??__ENormal@DamageTypes@BWAPI@@YAXXZ 100389e0 f   BWAPI:DamageType.obj
 0001:000379f0       ??__EIgnore_Armor@DamageTypes@BWAPI@@YAXXZ 100389f0 f   BWAPI:DamageType.obj
 0001:00037a00       ??__ENone@DamageTypes@BWAPI@@YAXXZ 10038a00 f   BWAPI:DamageType.obj
 0001:00037a10       ??__EUnknown@DamageTypes@BWAPI@@YAXXZ 10038a10 f   BWAPI:DamageType.obj
 0001:00037a20       ??__FmacroTypeSet@BWAPI@@YAXXZ 10038a20 f   BWAPI:UnitType.obj
 0001:00037a30       ??__FunitTypeData@BWAPI@@YAXXZ 10038a30 f   BWAPI:UnitType.obj
 0001:00037a50       ??__FunitTypeSet@BWAPI@@YAXXZ 10038a50 f   BWAPI:UnitType.obj
 0001:00037a60       ??__FunitTypeMap@BWAPI@@YAXXZ 10038a60 f   BWAPI:UnitType.obj
 0001:00037a70       ??__FweaponTypeData@BWAPI@@YAXXZ 10038a70 f   BWAPI:WeaponType.obj
 0001:00037a90       ??__FspecialWeaponTypeSet@BWAPI@@YAXXZ 10038a90 f   BWAPI:WeaponType.obj
 0001:00037aa0       ??__FnormalWeaponTypeSet@BWAPI@@YAXXZ 10038aa0 f   BWAPI:WeaponType.obj
 0001:00037ab0       ??__FweaponTypeSet@BWAPI@@YAXXZ 10038ab0 f   BWAPI:WeaponType.obj
 0001:00037ac0       ??__FweaponTypeMap@BWAPI@@YAXXZ 10038ac0 f   BWAPI:WeaponType.obj
 0001:00037ad0       ??__FtechTypeData@BWAPI@@YAXXZ 10038ad0 f   BWAPI:TechType.obj
 0001:00037af0       ??__FtechTypeSet@BWAPI@@YAXXZ 10038af0 f   BWAPI:TechType.obj
 0001:00037b00       ??__FtechTypeMap@BWAPI@@YAXXZ 10038b00 f   BWAPI:TechType.obj
 0001:00037b10       ??__FraceData@BWAPI@@YAXXZ 10038b10 f   BWAPI:Race.obj
 0001:00037b30       ??__FraceSet@BWAPI@@YAXXZ  10038b30 f   BWAPI:Race.obj
 0001:00037b40       ??__FraceMap@BWAPI@@YAXXZ  10038b40 f   BWAPI:Race.obj
 0001:00037b50       ??__ForderName@BWAPI@@YAXXZ 10038b50 f   BWAPI:Order.obj
 0001:00037b70       ??__ForderSet@BWAPI@@YAXXZ 10038b70 f   BWAPI:Order.obj
 0001:00037b80       ??__ForderMap@BWAPI@@YAXXZ 10038b80 f   BWAPI:Order.obj
 0001:00037b90       ??__FgameTypeName@BWAPI@@YAXXZ 10038b90 f   BWAPI:GameType.obj
 0001:00037bb0       ??__FgameTypeSet@BWAPI@@YAXXZ 10038bb0 f   BWAPI:GameType.obj
 0001:00037bc0       ??__FgameTypeMap@BWAPI@@YAXXZ 10038bc0 f   BWAPI:GameType.obj
 0001:00037bd0       ??__FerrorName@BWAPI@@YAXXZ 10038bd0 f   BWAPI:Error.obj
 0001:00037bf0       ??__FerrorSet@BWAPI@@YAXXZ 10038bf0 f   BWAPI:Error.obj
 0001:00037c00       ??__FerrorMap@BWAPI@@YAXXZ 10038c00 f   BWAPI:Error.obj
 0001:00037c10       ??__FbulletTypeName@BWAPI@@YAXXZ 10038c10 f   BWAPI:BulletType.obj
 0001:00037c30       ??__FbulletTypeSet@BWAPI@@YAXXZ 10038c30 f   BWAPI:BulletType.obj
 0001:00037c40       ??__FbulletTypeMap@BWAPI@@YAXXZ 10038c40 f   BWAPI:BulletType.obj
 0001:00037c50       ??__FunitCommandTypeName@BWAPI@@YAXXZ 10038c50 f   BWAPI:UnitCommandType.obj
 0001:00037c70       ??__FunitCommandTypeSet@BWAPI@@YAXXZ 10038c70 f   BWAPI:UnitCommandType.obj
 0001:00037c80       ??__FunitCommandTypeMap@BWAPI@@YAXXZ 10038c80 f   BWAPI:UnitCommandType.obj
 0001:00037c90       ??__FunitSizeTypeName@BWAPI@@YAXXZ 10038c90 f   BWAPI:UnitSizeType.obj
 0001:00037cb0       ??__FunitSizeTypeSet@BWAPI@@YAXXZ 10038cb0 f   BWAPI:UnitSizeType.obj
 0001:00037cc0       ??__FunitSizeTypeMap@BWAPI@@YAXXZ 10038cc0 f   BWAPI:UnitSizeType.obj
 0001:00037cd0       ??__FupgradeTypeData@BWAPI@@YAXXZ 10038cd0 f   BWAPI:UpgradeType.obj
 0001:00037cf0       ??__FupgradeTypeSet@BWAPI@@YAXXZ 10038cf0 f   BWAPI:UpgradeType.obj
 0001:00037d00       ??__FupgradeTypeMap@BWAPI@@YAXXZ 10038d00 f   BWAPI:UpgradeType.obj
 0001:00037d10       ??__FplayerTypeName@BWAPI@@YAXXZ 10038d10 f   BWAPI:PlayerType.obj
 0001:00037d30       ??__FplayerTypeSet@BWAPI@@YAXXZ 10038d30 f   BWAPI:PlayerType.obj
 0001:00037d40       ??__FplayerTypeMap@BWAPI@@YAXXZ 10038d40 f   BWAPI:PlayerType.obj
 0001:00037d50       ??__FexplosionTypeName@BWAPI@@YAXXZ 10038d50 f   BWAPI:ExplosionType.obj
 0001:00037d70       ??__FexplosionTypeSet@BWAPI@@YAXXZ 10038d70 f   BWAPI:ExplosionType.obj
 0001:00037d80       ??__FexplosionTypeMap@BWAPI@@YAXXZ 10038d80 f   BWAPI:ExplosionType.obj
 0001:00037d90       ??__FdamageTypeName@BWAPI@@YAXXZ 10038d90 f   BWAPI:DamageType.obj
 0001:00037db0       ??__FdamageTypeSet@BWAPI@@YAXXZ 10038db0 f   BWAPI:DamageType.obj
 0001:00037dc0       ??__FdamageTypeMap@BWAPI@@YAXXZ 10038dc0 f   BWAPI:DamageType.obj
